node.exe : npm verbose cli C:\Program Files\nodejs\node.exe 
C:\Users\dell\AppData\Roaming\npm\node_modules\npm\bin\npm-cli.js
At C:\Program Files\nodejs\npm.ps1:29 char:3
+   & $NODE_EXE $NPM_CLI_JS $args
+   ~~~~~~~~~~~~~~~~~~~~~~~~~~~~~
    + CategoryInfo          : NotSpecified: (npm verbose cli...\bin\npm-cli.js:String) [], RemoteException
    + FullyQualifiedErrorId : NativeCommandError
 
npm info using npm@11.2.0
npm info using node@v22.13.1
npm verbose title npm test
npm verbose argv "test" "--loglevel" "verbose"
npm verbose logfile logs-max:10 dir:C:\Users\dell\AppData\Local\npm-cache\_logs\2026-02-28T12_15_20_770Z-
npm verbose logfile C:\Users\dell\AppData\Local\npm-cache\_logs\2026-02-28T12_15_20_770Z-debug-0.log

> backend@1.0.0 test
> jest

PASS src/services/__tests__/excelExportService.performance.test.ts (5.217 s)
  ΓùÅ Console

    console.log
      [ExcelExportService] Exported table test-table-id to Excel

      at ExcelExportService.exportTableToExcel (src/services/excelExportService.ts:102:21)

    console.log
      [Performance] Excel export time for 1000 rows: 566.40ms

      at Object.<anonymous> (src/services/__tests__/excelExportService.performance.test.ts:90:13)

    console.log
      [ExcelExportService] Exported table test-table-id to Excel

      at ExcelExportService.exportTableToExcel (src/services/excelExportService.ts:102:21)

    console.log
      [Performance] Excel export time for 100 rows: 51.87ms

      at Object.<anonymous> (src/services/__tests__/excelExportService.performance.test.ts:115:13)

    console.log
      [ExcelExportService] Exported table test-table-id to Excel

      at ExcelExportService.exportTableToExcel (src/services/excelExportService.ts:102:21)

    console.log
      [Performance] Excel export time for 500 rows x 20 columns: 362.63ms

      at Object.<anonymous> (src/services/__tests__/excelExportService.performance.test.ts:139:13)

    console.log
      [ExcelExportService] Exported table test-table-id to Excel

      at ExcelExportService.exportTableToExcel (src/services/excelExportService.ts:102:21)

    console.log
      [Performance] Excel file structure verified: 101 rows, 5 columns

      at Object.<anonymous> (src/services/__tests__/excelExportService.performance.test.ts:173:13)

    console.log
      [ExcelExportService] Exported table test-table-id to Excel

      at ExcelExportService.exportTableToExcel (src/services/excelExportService.ts:102:21)

    console.log
      [Performance] Cell color preservation verified

      at Object.<anonymous> (src/services/__tests__/excelExportService.performance.test.ts:207:13)

    console.log
      [ExcelExportService] Exported table test-table-id to Excel

      at ExcelExportService.exportTableToExcel (src/services/excelExportService.ts:102:21)

    console.log
      [Performance] Link formatting verified

      at Object.<anonymous> (src/services/__tests__/excelExportService.performance.test.ts:241:13)

    console.log
      [ExcelExportService] Exported table test-table-id to Excel

      at ExcelExportService.exportTableToExcel (src/services/excelExportService.ts:102:21)

    console.log
      [Performance] Excel file size for 1000 rows: 57.06KB (0.06MB)

      at Object.<anonymous> (src/services/__tests__/excelExportService.performance.test.ts:258:13)

    console.log
      
      === Excel Export Performance Summary ===

      at Object.<anonymous> (src/services/__tests__/excelExportService.performance.test.ts:270:13)

    console.log
      Target: Excel export time < 5s for 1000 rows

      at Object.<anonymous> (src/services/__tests__/excelExportService.performance.test.ts:271:13)

    console.log
      
      Optimization recommendations:

      at Object.<anonymous> (src/services/__tests__/excelExportService.performance.test.ts:272:13)

    console.log
      1. Use streaming for very large tables (> 5000 rows)

      at Object.<anonymous> (src/services/__tests__/excelExportService.performance.test.ts:273:13)

    console.log
      2. Implement progress indicators for exports > 1000 rows

      at Object.<anonymous> (src/services/__tests__/excelExportService.performance.test.ts:274:13)

    console.log
      3. Consider background job processing for exports > 10000 rows

      at Object.<anonymous> (src/services/__tests__/excelExportService.performance.test.ts:275:13)

    console.log
      4. Cache frequently exported tables

      at Object.<anonymous> (src/services/__tests__/excelExportService.performance.test.ts:276:13)

    console.log
      5. Limit maximum export size to 10000 rows

      at Object.<anonymous> (src/services/__tests__/excelExportService.performance.test.ts:277:13)

    console.log
      =========================================

      at Object.<anonymous> (src/services/__tests__/excelExportService.performance.test.ts:278:13)

(node:20976) [MONGOOSE] Warning: mongoose: the `new` option for `findOneAndUpdate()` and `findOneAndReplace()` is 
deprecated. Use `returnDocument: 'after'` instead.
(Use `node --trace-warnings ...` to show where the warning was created)
(node:20888) [MONGOOSE] Warning: mongoose: the `new` option for `findOneAndUpdate()` and `findOneAndReplace()` is 
deprecated. Use `returnDocument: 'after'` instead.
(Use `node --trace-warnings ...` to show where the warning was created)
(node:20976) [MONGOOSE] Warning: mongoose: the `new` option for `findOneAndUpdate()` and `findOneAndReplace()` is 
deprecated. Use `returnDocument: 'after'` instead.
(node:20888) [MONGOOSE] Warning: mongoose: the `new` option for `findOneAndUpdate()` and `findOneAndReplace()` is 
deprecated. Use `returnDocument: 'after'` instead.
(node:20888) [MONGOOSE] Warning: mongoose: the `new` option for `findOneAndUpdate()` and `findOneAndReplace()` is 
deprecated. Use `returnDocument: 'after'` instead.
(node:20888) [MONGOOSE] Warning: mongoose: the `new` option for `findOneAndUpdate()` and `findOneAndReplace()` is 
deprecated. Use `returnDocument: 'after'` instead.
(node:20888) [MONGOOSE] Warning: mongoose: the `new` option for `findOneAndUpdate()` and `findOneAndReplace()` is 
deprecated. Use `returnDocument: 'after'` instead.
(node:20976) [MONGOOSE] Warning: mongoose: the `new` option for `findOneAndUpdate()` and `findOneAndReplace()` is 
deprecated. Use `returnDocument: 'after'` instead.
(node:20976) [MONGOOSE] Warning: mongoose: the `new` option for `findOneAndUpdate()` and `findOneAndReplace()` is 
deprecated. Use `returnDocument: 'after'` instead.
(node:20976) [MONGOOSE] Warning: mongoose: the `new` option for `findOneAndUpdate()` and `findOneAndReplace()` is 
deprecated. Use `returnDocument: 'after'` instead.
(node:20976) [MONGOOSE] Warning: mongoose: the `new` option for `findOneAndUpdate()` and `findOneAndReplace()` is 
deprecated. Use `returnDocument: 'after'` instead.
(node:20976) [MONGOOSE] Warning: mongoose: the `new` option for `findOneAndUpdate()` and `findOneAndReplace()` is 
deprecated. Use `returnDocument: 'after'` instead.
(node:20976) [MONGOOSE] Warning: mongoose: the `new` option for `findOneAndUpdate()` and `findOneAndReplace()` is 
deprecated. Use `returnDocument: 'after'` instead.
(node:20976) [MONGOOSE] Warning: mongoose: the `new` option for `findOneAndUpdate()` and `findOneAndReplace()` is 
deprecated. Use `returnDocument: 'after'` instead.
PASS src/__tests__/properties/planLimitValidation.property.test.ts (6.245 s)
FAIL src/__tests__/integration/rowCellManagement.test.ts (6.337 s)
  ΓùÅ Console

    console.log
      [CustomTableService] Added row 69a2dc6061321065a10d7cf7 to table 69a2dc5f61321065a10d7ced

      at CustomTableService.addRow (src/services/customTableService.ts:220:21)

    console.log
      [CustomTableService] Added row 69a2dc6061321065a10d7d09 to table 69a2dc6061321065a10d7d03

      at CustomTableService.addRow (src/services/customTableService.ts:220:21)

    console.error
      [CustomTableService] Error adding row: Error: Table not found
          at CustomTableService.addRow 
(C:\Users\dell\OneDrive\Desktop\clickup-prototype\backend\src\services\customTableService.ts:214:23)
          at processTicksAndRejections (node:internal/process/task_queues:105:5)
          at Object.<anonymous> 
(C:\Users\dell\OneDrive\Desktop\clickup-prototype\backend\src\__tests__\integration\rowCellManagement.test.ts:109:7)

    [0m [90m 221 |[39m             [36mreturn[39m { table[33m,[39m rowId }[33m;[39m
     [90m 222 |[39m         } [36mcatch[39m (error) {
    [31m[1m>[22m[39m[90m 223 |[39m             console[33m.[39merror([32m`[CustomTableService] Error adding 
row:`[39m[33m,[39m error)[33m;[39m
     [90m     |[39m                     [31m[1m^[22m[39m
     [90m 224 |[39m             [36mthrow[39m error[33m;[39m
     [90m 225 |[39m         }
     [90m 226 |[39m     }[0m

      at CustomTableService.addRow (src/services/customTableService.ts:223:21)
      at Object.<anonymous> (src/__tests__/integration/rowCellManagement.test.ts:109:7)

    console.log
      [CustomTableService] Deleted row row1 from table 69a2dc6061321065a10d7d21

      at CustomTableService.deleteRow (src/services/customTableService.ts:252:21)

    console.error
      [CustomTableService] Error deleting row: Error: Table not found
          at CustomTableService.deleteRow 
(C:\Users\dell\OneDrive\Desktop\clickup-prototype\backend\src\services\customTableService.ts:246:23)
          at processTicksAndRejections (node:internal/process/task_queues:105:5)
          at Object.<anonymous> 
(C:\Users\dell\OneDrive\Desktop\clickup-prototype\backend\src\__tests__\integration\rowCellManagement.test.ts:128:7)

    [0m [90m 253 |[39m             [36mreturn[39m table[33m;[39m
     [90m 254 |[39m         } [36mcatch[39m (error) {
    [31m[1m>[22m[39m[90m 255 |[39m             console[33m.[39merror([32m`[CustomTableService] Error deleting 
row:`[39m[33m,[39m error)[33m;[39m
     [90m     |[39m                     [31m[1m^[22m[39m
     [90m 256 |[39m             [36mthrow[39m error[33m;[39m
     [90m 257 |[39m         }
     [90m 258 |[39m     }[0m

      at CustomTableService.deleteRow (src/services/customTableService.ts:255:21)
      at Object.<anonymous> (src/__tests__/integration/rowCellManagement.test.ts:128:7)

    console.log
      [CustomTableService] Updated cell in table 69a2dc6061321065a10d7d39, row row1, column col1

      at CustomTableService.updateCell (src/services/customTableService.ts:298:21)

    console.log
      [CustomTableService] Updated cell in table 69a2dc6061321065a10d7d48, row row1, column col2

      at CustomTableService.updateCell (src/services/customTableService.ts:298:21)

    console.log
      [CustomTableService] Updated cell in table 69a2dc6061321065a10d7d57, row row1, column col3

      at CustomTableService.updateCell (src/services/customTableService.ts:298:21)

    console.error
      [CustomTableService] Error updating cell: Error: Invalid number value
          at CustomTableService.validateCellValue 
(C:\Users\dell\OneDrive\Desktop\clickup-prototype\backend\src\services\customTableService.ts:395:27)
          at CustomTableService.updateCell 
(C:\Users\dell\OneDrive\Desktop\clickup-prototype\backend\src\services\customTableService.ts:287:41)
          at processTicksAndRejections (node:internal/process/task_queues:105:5)
          at Object.<anonymous> 
(C:\Users\dell\OneDrive\Desktop\clickup-prototype\backend\src\__tests__\integration\rowCellManagement.test.ts:172:7)

    [0m [90m 299 |[39m             [36mreturn[39m table[33m;[39m
     [90m 300 |[39m         } [36mcatch[39m (error) {
    [31m[1m>[22m[39m[90m 301 |[39m             console[33m.[39merror([32m`[CustomTableService] Error updating 
cell:`[39m[33m,[39m error)[33m;[39m
     [90m     |[39m                     [31m[1m^[22m[39m
     [90m 302 |[39m             [36mthrow[39m error[33m;[39m
     [90m 303 |[39m         }
     [90m 304 |[39m     }[0m

      at CustomTableService.updateCell (src/services/customTableService.ts:301:21)
      at Object.<anonymous> (src/__tests__/integration/rowCellManagement.test.ts:172:7)

    console.error
      [CustomTableService] Error updating cell: Error: Invalid URL format
          at CustomTableService.validateCellValue 
(C:\Users\dell\OneDrive\Desktop\clickup-prototype\backend\src\services\customTableService.ts:406:27)
          at CustomTableService.updateCell 
(C:\Users\dell\OneDrive\Desktop\clickup-prototype\backend\src\services\customTableService.ts:287:41)
          at processTicksAndRejections (node:internal/process/task_queues:105:5)
          at Object.<anonymous> 
(C:\Users\dell\OneDrive\Desktop\clickup-prototype\backend\src\__tests__\integration\rowCellManagement.test.ts:178:7)

    [0m [90m 299 |[39m             [36mreturn[39m table[33m;[39m
     [90m 300 |[39m         } [36mcatch[39m (error) {
    [31m[1m>[22m[39m[90m 301 |[39m             console[33m.[39merror([32m`[CustomTableService] Error updating 
cell:`[39m[33m,[39m error)[33m;[39m
     [90m     |[39m                     [31m[1m^[22m[39m
     [90m 302 |[39m             [36mthrow[39m error[33m;[39m
     [90m 303 |[39m         }
     [90m 304 |[39m     }[0m

      at CustomTableService.updateCell (src/services/customTableService.ts:301:21)
      at Object.<anonymous> (src/__tests__/integration/rowCellManagement.test.ts:178:7)

    console.error
      [CustomTableService] Error updating cell: Error: Table not found
          at CustomTableService.updateCell 
(C:\Users\dell\OneDrive\Desktop\clickup-prototype\backend\src\services\customTableService.ts:277:23)
          at processTicksAndRejections (node:internal/process/task_queues:105:5)
          at Object.<anonymous> 
(C:\Users\dell\OneDrive\Desktop\clickup-prototype\backend\src\__tests__\integration\rowCellManagement.test.ts:185:7)

    [0m [90m 299 |[39m             [36mreturn[39m table[33m;[39m
     [90m 300 |[39m         } [36mcatch[39m (error) {
    [31m[1m>[22m[39m[90m 301 |[39m             console[33m.[39merror([32m`[CustomTableService] Error updating 
cell:`[39m[33m,[39m error)[33m;[39m
     [90m     |[39m                     [31m[1m^[22m[39m
     [90m 302 |[39m             [36mthrow[39m error[33m;[39m
     [90m 303 |[39m         }
     [90m 304 |[39m     }[0m

      at CustomTableService.updateCell (src/services/customTableService.ts:301:21)
      at Object.<anonymous> (src/__tests__/integration/rowCellManagement.test.ts:185:7)

    console.error
      [CustomTableService] Error updating cell: Error: Column not found
          at CustomTableService.updateCell 
(C:\Users\dell\OneDrive\Desktop\clickup-prototype\backend\src\services\customTableService.ts:283:23)
          at processTicksAndRejections (node:internal/process/task_queues:105:5)
          at Object.<anonymous> 
(C:\Users\dell\OneDrive\Desktop\clickup-prototype\backend\src\__tests__\integration\rowCellManagement.test.ts:191:7)

    [0m [90m 299 |[39m             [36mreturn[39m table[33m;[39m
     [90m 300 |[39m         } [36mcatch[39m (error) {
    [31m[1m>[22m[39m[90m 301 |[39m             console[33m.[39merror([32m`[CustomTableService] Error updating 
cell:`[39m[33m,[39m error)[33m;[39m
     [90m     |[39m                     [31m[1m^[22m[39m
     [90m 302 |[39m             [36mthrow[39m error[33m;[39m
     [90m 303 |[39m         }
     [90m 304 |[39m     }[0m

      at CustomTableService.updateCell (src/services/customTableService.ts:301:21)
      at Object.<anonymous> (src/__tests__/integration/rowCellManagement.test.ts:191:7)

    console.error
      [CustomTableService] Error updating cell: Error: Row not found
          at CustomTableService.updateCell 
(C:\Users\dell\OneDrive\Desktop\clickup-prototype\backend\src\services\customTableService.ts:292:23)
          at processTicksAndRejections (node:internal/process/task_queues:105:5)
          at Object.<anonymous> 
(C:\Users\dell\OneDrive\Desktop\clickup-prototype\backend\src\__tests__\integration\rowCellManagement.test.ts:197:7)

    [0m [90m 299 |[39m             [36mreturn[39m table[33m;[39m
     [90m 300 |[39m         } [36mcatch[39m (error) {
    [31m[1m>[22m[39m[90m 301 |[39m             console[33m.[39merror([32m`[CustomTableService] Error updating 
cell:`[39m[33m,[39m error)[33m;[39m
     [90m     |[39m                     [31m[1m^[22m[39m
     [90m 302 |[39m             [36mthrow[39m error[33m;[39m
     [90m 303 |[39m         }
     [90m 304 |[39m     }[0m

      at CustomTableService.updateCell (src/services/customTableService.ts:301:21)
      at Object.<anonymous> (src/__tests__/integration/rowCellManagement.test.ts:197:7)

    console.log
      [CustomTableService] Updated cell color in table 69a2dc6061321065a10d7da9, row row1, column col1

      at CustomTableService.updateCellColor (src/services/customTableService.ts:343:21)

    console.log
      [CustomTableService] Updated cell color in table 69a2dc6061321065a10d7db8, row row1, column col1

      at CustomTableService.updateCellColor (src/services/customTableService.ts:343:21)

    console.log
      [CustomTableService] Updated cell color in table 69a2dc6061321065a10d7db8, row row1, column col1

      at CustomTableService.updateCellColor (src/services/customTableService.ts:343:21)

    console.error
      [CustomTableService] Error updating cell color: Error: Invalid color format. Must be hexadecimal (#RRGGBB)
          at CustomTableService.updateCellColor 
(C:\Users\dell\OneDrive\Desktop\clickup-prototype\backend\src\services\customTableService.ts:336:27)
          at processTicksAndRejections (node:internal/process/task_queues:105:5)
          at Object.<anonymous> 
(C:\Users\dell\OneDrive\Desktop\clickup-prototype\backend\src\__tests__\integration\rowCellManagement.test.ts:238:7)

    [0m [90m 344 |[39m             [36mreturn[39m table[33m;[39m
     [90m 345 |[39m         } [36mcatch[39m (error) {
    [31m[1m>[22m[39m[90m 346 |[39m             console[33m.[39merror([32m`[CustomTableService] Error updating 
cell color:`[39m[33m,[39m error)[33m;[39m
     [90m     |[39m                     [31m[1m^[22m[39m
     [90m 347 |[39m             [36mthrow[39m error[33m;[39m
     [90m 348 |[39m         }
     [90m 349 |[39m     }[0m

      at CustomTableService.updateCellColor (src/services/customTableService.ts:346:21)
      at Object.<anonymous> (src/__tests__/integration/rowCellManagement.test.ts:238:7)

    console.error
      [CustomTableService] Error updating cell color: Error: Invalid color format. Must be hexadecimal (#RRGGBB)
          at CustomTableService.updateCellColor 
(C:\Users\dell\OneDrive\Desktop\clickup-prototype\backend\src\services\customTableService.ts:336:27)
          at processTicksAndRejections (node:internal/process/task_queues:105:5)
          at Object.<anonymous> 
(C:\Users\dell\OneDrive\Desktop\clickup-prototype\backend\src\__tests__\integration\rowCellManagement.test.ts:244:7)

    [0m [90m 344 |[39m             [36mreturn[39m table[33m;[39m
     [90m 345 |[39m         } [36mcatch[39m (error) {
    [31m[1m>[22m[39m[90m 346 |[39m             console[33m.[39merror([32m`[CustomTableService] Error updating 
cell color:`[39m[33m,[39m error)[33m;[39m
     [90m     |[39m                     [31m[1m^[22m[39m
     [90m 347 |[39m             [36mthrow[39m error[33m;[39m
     [90m 348 |[39m         }
     [90m 349 |[39m     }[0m

      at CustomTableService.updateCellColor (src/services/customTableService.ts:346:21)
      at Object.<anonymous> (src/__tests__/integration/rowCellManagement.test.ts:244:7)

    console.error
      [CustomTableService] Error updating cell color: Error: Invalid color format. Must be hexadecimal (#RRGGBB)
          at CustomTableService.updateCellColor 
(C:\Users\dell\OneDrive\Desktop\clickup-prototype\backend\src\services\customTableService.ts:336:27)
          at processTicksAndRejections (node:internal/process/task_queues:105:5)
          at Object.<anonymous> 
(C:\Users\dell\OneDrive\Desktop\clickup-prototype\backend\src\__tests__\integration\rowCellManagement.test.ts:250:7)

    [0m [90m 344 |[39m             [36mreturn[39m table[33m;[39m
     [90m 345 |[39m         } [36mcatch[39m (error) {
    [31m[1m>[22m[39m[90m 346 |[39m             console[33m.[39merror([32m`[CustomTableService] Error updating 
cell color:`[39m[33m,[39m error)[33m;[39m
     [90m     |[39m                     [31m[1m^[22m[39m
     [90m 347 |[39m             [36mthrow[39m error[33m;[39m
     [90m 348 |[39m         }
     [90m 349 |[39m     }[0m

      at CustomTableService.updateCellColor (src/services/customTableService.ts:346:21)
      at Object.<anonymous> (src/__tests__/integration/rowCellManagement.test.ts:250:7)

    console.error
      [CustomTableService] Error updating cell color: Error: Table not found
          at CustomTableService.updateCellColor 
(C:\Users\dell\OneDrive\Desktop\clickup-prototype\backend\src\services\customTableService.ts:323:23)
          at processTicksAndRejections (node:internal/process/task_queues:105:5)
          at Object.<anonymous> 
(C:\Users\dell\OneDrive\Desktop\clickup-prototype\backend\src\__tests__\integration\rowCellManagement.test.ts:257:7)

    [0m [90m 344 |[39m             [36mreturn[39m table[33m;[39m
     [90m 345 |[39m         } [36mcatch[39m (error) {
    [31m[1m>[22m[39m[90m 346 |[39m             console[33m.[39merror([32m`[CustomTableService] Error updating 
cell color:`[39m[33m,[39m error)[33m;[39m
     [90m     |[39m                     [31m[1m^[22m[39m
     [90m 347 |[39m             [36mthrow[39m error[33m;[39m
     [90m 348 |[39m         }
     [90m 349 |[39m     }[0m

      at CustomTableService.updateCellColor (src/services/customTableService.ts:346:21)
      at Object.<anonymous> (src/__tests__/integration/rowCellManagement.test.ts:257:7)

    console.error
      [CustomTableService] Error updating cell color: Error: Row not found
          at CustomTableService.updateCellColor 
(C:\Users\dell\OneDrive\Desktop\clickup-prototype\backend\src\services\customTableService.ts:328:23)
          at processTicksAndRejections (node:internal/process/task_queues:105:5)
          at Object.<anonymous> 
(C:\Users\dell\OneDrive\Desktop\clickup-prototype\backend\src\__tests__\integration\rowCellManagement.test.ts:263:7)

    [0m [90m 344 |[39m             [36mreturn[39m table[33m;[39m
     [90m 345 |[39m         } [36mcatch[39m (error) {
    [31m[1m>[22m[39m[90m 346 |[39m             console[33m.[39merror([32m`[CustomTableService] Error updating 
cell color:`[39m[33m,[39m error)[33m;[39m
     [90m     |[39m                     [31m[1m^[22m[39m
     [90m 347 |[39m             [36mthrow[39m error[33m;[39m
     [90m 348 |[39m         }
     [90m 349 |[39m     }[0m

      at CustomTableService.updateCellColor (src/services/customTableService.ts:346:21)
      at Object.<anonymous> (src/__tests__/integration/rowCellManagement.test.ts:263:7)

  ΓùÅ Row and Cell Management Integration Tests ΓÇ║ addRow ΓÇ║ should add an empty row to the table

    TypeError: Cannot read properties of undefined (reading 'serverApi')

    [0m [90m 84 |[39m       expect(result[33m.[39mrowId)[33m.[39mtoBeDefined()[33m;[39m
     [90m 85 |[39m       expect(result[33m.[39mtable[33m.[39mrows[[35m1[39m][33m.[39mid)[33m.[39mtoBe(resul
t[33m.[39mrowId)[33m;[39m
    [31m[1m>[22m[39m[90m 86 |[39m       
expect(result[33m.[39mtable[33m.[39mrows[[35m1[39m][33m.[39mdata)[33m.[39mtoEqual({})[33m;[39m
     [90m    |[39m                                         [31m[1m^[22m[39m
     [90m 87 |[39m       
expect(result[33m.[39mtable[33m.[39mrows[[35m1[39m][33m.[39mcolors)[33m.[39mtoEqual({})[33m;[39m
     [90m 88 |[39m     })[33m;[39m
     [90m 89 |[39m[0m

      at Object.<anonymous> (src/__tests__/integration/rowCellManagement.test.ts:86:41)

PASS src/__tests__/integration/columnManagement.test.ts (6.672 s)
  ΓùÅ Console

    console.log
      [CustomTableService] Added column 69a2dc60bc0dd8d9fc322668 to table 69a2dc5fbc0dd8d9fc322662

      at CustomTableService.addColumn (src/services/customTableService.ts:93:21)

    console.log
      [CustomTableService] Added column 69a2dc60bc0dd8d9fc32267b to table 69a2dc60bc0dd8d9fc322676

      at CustomTableService.addColumn (src/services/customTableService.ts:93:21)

    console.log
      [CustomTableService] Added column 69a2dc60bc0dd8d9fc32268b to table 69a2dc60bc0dd8d9fc322686

      at CustomTableService.addColumn (src/services/customTableService.ts:93:21)

    console.error
      [CustomTableService] Error adding column: Error: Table not found
          at CustomTableService.addColumn 
(C:\Users\dell\OneDrive\Desktop\clickup-prototype\backend\src\services\customTableService.ts:90:23)
          at processTicksAndRejections (node:internal/process/task_queues:105:5)
          at Object.<anonymous> 
(C:\Users\dell\OneDrive\Desktop\clickup-prototype\backend\src\__tests__\integration\columnManagement.test.ts:91:7)

    [0m [90m 94 |[39m             [36mreturn[39m table[33m;[39m
     [90m 95 |[39m         } [36mcatch[39m (error) {
    [31m[1m>[22m[39m[90m 96 |[39m             console[33m.[39merror([32m`[CustomTableService] Error adding 
column:`[39m[33m,[39m error)[33m;[39m
     [90m    |[39m                     [31m[1m^[22m[39m
     [90m 97 |[39m             [36mthrow[39m error[33m;[39m
     [90m 98 |[39m         }
     [90m 99 |[39m     }[0m

      at CustomTableService.addColumn (src/services/customTableService.ts:96:21)
      at Object.<anonymous> (src/__tests__/integration/columnManagement.test.ts:91:7)

    console.log
      [CustomTableService] Updated column col1 in table 69a2dc60bc0dd8d9fc32269f

      at CustomTableService.updateColumn (src/services/customTableService.ts:134:21)

    console.log
      [CustomTableService] Updated column col1 in table 69a2dc60bc0dd8d9fc3226ab

      at CustomTableService.updateColumn (src/services/customTableService.ts:134:21)

    console.log
      [CustomTableService] Updated column col1 in table 69a2dc60bc0dd8d9fc3226b6

      at CustomTableService.updateColumn (src/services/customTableService.ts:134:21)

    console.error
      [CustomTableService] Error updating column: Error: Table not found
          at CustomTableService.updateColumn 
(C:\Users\dell\OneDrive\Desktop\clickup-prototype\backend\src\services\customTableService.ts:116:23)
          at processTicksAndRejections (node:internal/process/task_queues:105:5)
          at Object.<anonymous> 
(C:\Users\dell\OneDrive\Desktop\clickup-prototype\backend\src\__tests__\integration\columnManagement.test.ts:139:7)

    [0m [90m 135 |[39m             [36mreturn[39m table[33m;[39m
     [90m 136 |[39m         } [36mcatch[39m (error) {
    [31m[1m>[22m[39m[90m 137 |[39m             console[33m.[39merror([32m`[CustomTableService] Error updating 
column:`[39m[33m,[39m error)[33m;[39m
     [90m     |[39m                     [31m[1m^[22m[39m
     [90m 138 |[39m             [36mthrow[39m error[33m;[39m
     [90m 139 |[39m         }
     [90m 140 |[39m     }[0m

      at CustomTableService.updateColumn (src/services/customTableService.ts:137:21)
      at Object.<anonymous> (src/__tests__/integration/columnManagement.test.ts:139:7)

    console.error
      [CustomTableService] Error updating column: Error: Column not found
          at CustomTableService.updateColumn 
(C:\Users\dell\OneDrive\Desktop\clickup-prototype\backend\src\services\customTableService.ts:122:23)
          at processTicksAndRejections (node:internal/process/task_queues:105:5)
          at Object.<anonymous> 
(C:\Users\dell\OneDrive\Desktop\clickup-prototype\backend\src\__tests__\integration\columnManagement.test.ts:145:7)

    [0m [90m 135 |[39m             [36mreturn[39m table[33m;[39m
     [90m 136 |[39m         } [36mcatch[39m (error) {
    [31m[1m>[22m[39m[90m 137 |[39m             console[33m.[39merror([32m`[CustomTableService] Error updating 
column:`[39m[33m,[39m error)[33m;[39m
     [90m     |[39m                     [31m[1m^[22m[39m
     [90m 138 |[39m             [36mthrow[39m error[33m;[39m
     [90m 139 |[39m         }
     [90m 140 |[39m     }[0m

      at CustomTableService.updateColumn (src/services/customTableService.ts:137:21)
      at Object.<anonymous> (src/__tests__/integration/columnManagement.test.ts:145:7)

    console.log
      [CustomTableService] Deleted column col1 from table 69a2dc60bc0dd8d9fc3226d2

      at CustomTableService.deleteColumn (src/services/customTableService.ts:170:21)

    console.log
      [CustomTableService] Deleted column col1 from table 69a2dc60bc0dd8d9fc3226df

      at CustomTableService.deleteColumn (src/services/customTableService.ts:170:21)

    console.log
      [CustomTableService] Deleted column col1 from table 69a2dc60bc0dd8d9fc3226ea

      at CustomTableService.deleteColumn (src/services/customTableService.ts:170:21)

    console.log
      [CustomTableService] Added column 69a2dc60bc0dd8d9fc3226f8 to table 69a2dc60bc0dd8d9fc3226f4

      at CustomTableService.addColumn (src/services/customTableService.ts:93:21)

    console.log
      [CustomTableService] Deleted column col1 from table 69a2dc60bc0dd8d9fc3226f4

      at CustomTableService.deleteColumn (src/services/customTableService.ts:170:21)

    console.error
      [CustomTableService] Error deleting column: Error: Table not found
          at CustomTableService.deleteColumn 
(C:\Users\dell\OneDrive\Desktop\clickup-prototype\backend\src\services\customTableService.ts:152:23)
          at processTicksAndRejections (node:internal/process/task_queues:105:5)
          at Object.<anonymous> 
(C:\Users\dell\OneDrive\Desktop\clickup-prototype\backend\src\__tests__\integration\columnManagement.test.ts:200:7)

    [0m [90m 171 |[39m             [36mreturn[39m table[33m;[39m
     [90m 172 |[39m         } [36mcatch[39m (error) {
    [31m[1m>[22m[39m[90m 173 |[39m             console[33m.[39merror([32m`[CustomTableService] Error deleting 
column:`[39m[33m,[39m error)[33m;[39m
     [90m     |[39m                     [31m[1m^[22m[39m
     [90m 174 |[39m             [36mthrow[39m error[33m;[39m
     [90m 175 |[39m         }
     [90m 176 |[39m     }[0m

      at CustomTableService.deleteColumn (src/services/customTableService.ts:173:21)
      at Object.<anonymous> (src/__tests__/integration/columnManagement.test.ts:200:7)

    console.log
      [CustomTableService] Added column 69a2dc61bc0dd8d9fc322714 to table 69a2dc61bc0dd8d9fc322710

      at CustomTableService.addColumn (src/services/customTableService.ts:93:21)

    console.log
      [CustomTableService] Added column 69a2dc61bc0dd8d9fc322721 to table 69a2dc61bc0dd8d9fc32271d

      at CustomTableService.addColumn (src/services/customTableService.ts:93:21)

    console.log
      [CustomTableService] Added column 69a2dc61bc0dd8d9fc322727 to table 69a2dc61bc0dd8d9fc32271d

      at CustomTableService.addColumn (src/services/customTableService.ts:93:21)

    console.log
      [CustomTableService] Added column 69a2dc61bc0dd8d9fc32272e to table 69a2dc61bc0dd8d9fc32271d

      at CustomTableService.addColumn (src/services/customTableService.ts:93:21)

(node:9428) [MONGOOSE] Warning: mongoose: the `new` option for `findOneAndUpdate()` and `findOneAndReplace()` is 
deprecated. Use `returnDocument: 'after'` instead.
(Use `node --trace-warnings ...` to show where the warning was created)
(node:9428) [MONGOOSE] Warning: mongoose: the `new` option for `findOneAndUpdate()` and `findOneAndReplace()` is 
deprecated. Use `returnDocument: 'after'` instead.
(node:9428) [MONGOOSE] Warning: mongoose: the `new` option for `findOneAndUpdate()` and `findOneAndReplace()` is 
deprecated. Use `returnDocument: 'after'` instead.
(node:9428) [MONGOOSE] Warning: mongoose: the `new` option for `findOneAndUpdate()` and `findOneAndReplace()` is 
deprecated. Use `returnDocument: 'after'` instead.
PASS src/__tests__/properties/customRoleDisplay.property.test.ts
PASS src/__tests__/models/workspace.test.ts
(node:9428) [MONGOOSE] Warning: mongoose: the `new` option for `findOneAndUpdate()` and `findOneAndReplace()` is 
deprecated. Use `returnDocument: 'after'` instead.
(node:9428) [MONGOOSE] Warning: mongoose: the `new` option for `findOneAndUpdate()` and `findOneAndReplace()` is 
deprecated. Use `returnDocument: 'after'` instead.
(node:9428) [MONGOOSE] Warning: mongoose: the `new` option for `findOneAndUpdate()` and `findOneAndReplace()` is 
deprecated. Use `returnDocument: 'after'` instead.
(node:9428) [MONGOOSE] Warning: mongoose: the `new` option for `findOneAndUpdate()` and `findOneAndReplace()` is 
deprecated. Use `returnDocument: 'after'` instead.
(node:9428) [MONGOOSE] Warning: mongoose: the `new` option for `findOneAndUpdate()` and `findOneAndReplace()` is 
deprecated. Use `returnDocument: 'after'` instead.
(node:9428) [MONGOOSE] Warning: mongoose: the `new` option for `findOneAndUpdate()` and `findOneAndReplace()` is 
deprecated. Use `returnDocument: 'after'` instead.
(node:9428) [MONGOOSE] Warning: mongoose: the `new` option for `findOneAndUpdate()` and `findOneAndReplace()` is 
deprecated. Use `returnDocument: 'after'` instead.
(node:9428) [MONGOOSE] Warning: mongoose: the `new` option for `findOneAndUpdate()` and `findOneAndReplace()` is 
deprecated. Use `returnDocument: 'after'` instead.
(node:9428) [MONGOOSE] Warning: mongoose: the `new` option for `findOneAndUpdate()` and `findOneAndReplace()` is 
deprecated. Use `returnDocument: 'after'` instead.
(node:9428) [MONGOOSE] Warning: mongoose: the `new` option for `findOneAndUpdate()` and `findOneAndReplace()` is 
deprecated. Use `returnDocument: 'after'` instead.
(node:9428) [MONGOOSE] Warning: mongoose: the `new` option for `findOneAndUpdate()` and `findOneAndReplace()` is 
deprecated. Use `returnDocument: 'after'` instead.
(node:9428) [MONGOOSE] Warning: mongoose: the `new` option for `findOneAndUpdate()` and `findOneAndReplace()` is 
deprecated. Use `returnDocument: 'after'` instead.
(node:9428) [MONGOOSE] Warning: mongoose: the `new` option for `findOneAndUpdate()` and `findOneAndReplace()` is 
deprecated. Use `returnDocument: 'after'` instead.
(node:9428) [MONGOOSE] Warning: mongoose: the `new` option for `findOneAndUpdate()` and `findOneAndReplace()` is 
deprecated. Use `returnDocument: 'after'` instead.
(node:9428) [MONGOOSE] Warning: mongoose: the `new` option for `findOneAndUpdate()` and `findOneAndReplace()` is 
deprecated. Use `returnDocument: 'after'` instead.
(node:9428) [MONGOOSE] Warning: mongoose: the `new` option for `findOneAndUpdate()` and `findOneAndReplace()` is 
deprecated. Use `returnDocument: 'after'` instead.
(node:9428) [MONGOOSE] Warning: mongoose: the `new` option for `findOneAndUpdate()` and `findOneAndReplace()` is 
deprecated. Use `returnDocument: 'after'` instead.
(node:9428) [MONGOOSE] Warning: mongoose: the `new` option for `findOneAndUpdate()` and `findOneAndReplace()` is 
deprecated. Use `returnDocument: 'after'` instead.
(node:9428) [MONGOOSE] Warning: mongoose: the `new` option for `findOneAndUpdate()` and `findOneAndReplace()` is 
deprecated. Use `returnDocument: 'after'` instead.
(node:9428) [MONGOOSE] Warning: mongoose: the `new` option for `findOneAndUpdate()` and `findOneAndReplace()` is 
deprecated. Use `returnDocument: 'after'` instead.
(node:9428) [MONGOOSE] Warning: mongoose: the `new` option for `findOneAndUpdate()` and `findOneAndReplace()` is 
deprecated. Use `returnDocument: 'after'` instead.
(node:9428) [MONGOOSE] Warning: mongoose: the `new` option for `findOneAndUpdate()` and `findOneAndReplace()` is 
deprecated. Use `returnDocument: 'after'` instead.
(node:9428) [MONGOOSE] Warning: mongoose: the `new` option for `findOneAndUpdate()` and `findOneAndReplace()` is 
deprecated. Use `returnDocument: 'after'` instead.
(node:9428) [MONGOOSE] Warning: mongoose: the `new` option for `findOneAndUpdate()` and `findOneAndReplace()` is 
deprecated. Use `returnDocument: 'after'` instead.
(node:9428) [MONGOOSE] Warning: mongoose: the `new` option for `findOneAndUpdate()` and `findOneAndReplace()` is 
deprecated. Use `returnDocument: 'after'` instead.
(node:9428) [MONGOOSE] Warning: mongoose: the `new` option for `findOneAndUpdate()` and `findOneAndReplace()` is 
deprecated. Use `returnDocument: 'after'` instead.
(node:9428) [MONGOOSE] Warning: mongoose: the `new` option for `findOneAndUpdate()` and `findOneAndReplace()` is 
deprecated. Use `returnDocument: 'after'` instead.
(node:9428) [MONGOOSE] Warning: mongoose: the `new` option for `findOneAndUpdate()` and `findOneAndReplace()` is 
deprecated. Use `returnDocument: 'after'` instead.
(node:9428) [MONGOOSE] Warning: mongoose: the `new` option for `findOneAndUpdate()` and `findOneAndReplace()` is 
deprecated. Use `returnDocument: 'after'` instead.
(node:9428) [MONGOOSE] Warning: mongoose: the `new` option for `findOneAndUpdate()` and `findOneAndReplace()` is 
deprecated. Use `returnDocument: 'after'` instead.
(node:9428) [MONGOOSE] Warning: mongoose: the `new` option for `findOneAndUpdate()` and `findOneAndReplace()` is 
deprecated. Use `returnDocument: 'after'` instead.
(node:9428) [MONGOOSE] Warning: mongoose: the `new` option for `findOneAndUpdate()` and `findOneAndReplace()` is 
deprecated. Use `returnDocument: 'after'` instead.
(node:9428) [MONGOOSE] Warning: mongoose: the `new` option for `findOneAndUpdate()` and `findOneAndReplace()` is 
deprecated. Use `returnDocument: 'after'` instead.
(node:9428) [MONGOOSE] Warning: mongoose: the `new` option for `findOneAndUpdate()` and `findOneAndReplace()` is 
deprecated. Use `returnDocument: 'after'` instead.
(node:9428) [MONGOOSE] Warning: mongoose: the `new` option for `findOneAndUpdate()` and `findOneAndReplace()` is 
deprecated. Use `returnDocument: 'after'` instead.
(node:9428) [MONGOOSE] Warning: mongoose: the `new` option for `findOneAndUpdate()` and `findOneAndReplace()` is 
deprecated. Use `returnDocument: 'after'` instead.
PASS src/__tests__/services/planInheritanceService.property.test.ts (10.097 s)
(node:9428) [MONGOOSE] Warning: mongoose: the `new` option for `findOneAndUpdate()` and `findOneAndReplace()` is 
deprecated. Use `returnDocument: 'after'` instead.
(node:9428) [MONGOOSE] Warning: mongoose: the `new` option for `findOneAndUpdate()` and `findOneAndReplace()` is 
deprecated. Use `returnDocument: 'after'` instead.
(node:9428) [MONGOOSE] Warning: mongoose: the `new` option for `findOneAndUpdate()` and `findOneAndReplace()` is 
deprecated. Use `returnDocument: 'after'` instead.
(node:9428) [MONGOOSE] Warning: mongoose: the `new` option for `findOneAndUpdate()` and `findOneAndReplace()` is 
deprecated. Use `returnDocument: 'after'` instead.
(node:9428) [MONGOOSE] Warning: mongoose: the `new` option for `findOneAndUpdate()` and `findOneAndReplace()` is 
deprecated. Use `returnDocument: 'after'` instead.
(node:9428) [MONGOOSE] Warning: mongoose: the `new` option for `findOneAndUpdate()` and `findOneAndReplace()` is 
deprecated. Use `returnDocument: 'after'` instead.
(node:9428) [MONGOOSE] Warning: mongoose: the `new` option for `findOneAndUpdate()` and `findOneAndReplace()` is 
deprecated. Use `returnDocument: 'after'` instead.
(node:9428) [MONGOOSE] Warning: mongoose: the `new` option for `findOneAndUpdate()` and `findOneAndReplace()` is 
deprecated. Use `returnDocument: 'after'` instead.
(node:9428) [MONGOOSE] Warning: mongoose: the `new` option for `findOneAndUpdate()` and `findOneAndReplace()` is 
deprecated. Use `returnDocument: 'after'` instead.
(node:9428) [MONGOOSE] Warning: mongoose: the `new` option for `findOneAndUpdate()` and `findOneAndReplace()` is 
deprecated. Use `returnDocument: 'after'` instead.
(node:9428) [MONGOOSE] Warning: mongoose: the `new` option for `findOneAndUpdate()` and `findOneAndReplace()` is 
deprecated. Use `returnDocument: 'after'` instead.
(node:9428) [MONGOOSE] Warning: mongoose: the `new` option for `findOneAndUpdate()` and `findOneAndReplace()` is 
deprecated. Use `returnDocument: 'after'` instead.
(node:9428) [MONGOOSE] Warning: mongoose: the `new` option for `findOneAndUpdate()` and `findOneAndReplace()` is 
deprecated. Use `returnDocument: 'after'` instead.
(node:9428) [MONGOOSE] Warning: mongoose: the `new` option for `findOneAndUpdate()` and `findOneAndReplace()` is 
deprecated. Use `returnDocument: 'after'` instead.
(node:9428) [MONGOOSE] Warning: mongoose: the `new` option for `findOneAndUpdate()` and `findOneAndReplace()` is 
deprecated. Use `returnDocument: 'after'` instead.
(node:9428) [MONGOOSE] Warning: mongoose: the `new` option for `findOneAndUpdate()` and `findOneAndReplace()` is 
deprecated. Use `returnDocument: 'after'` instead.
(node:9428) [MONGOOSE] Warning: mongoose: the `new` option for `findOneAndUpdate()` and `findOneAndReplace()` is 
deprecated. Use `returnDocument: 'after'` instead.
(node:9428) [MONGOOSE] Warning: mongoose: the `new` option for `findOneAndUpdate()` and `findOneAndReplace()` is 
deprecated. Use `returnDocument: 'after'` instead.
(node:9428) [MONGOOSE] Warning: mongoose: the `new` option for `findOneAndUpdate()` and `findOneAndReplace()` is 
deprecated. Use `returnDocument: 'after'` instead.
(node:9428) [MONGOOSE] Warning: mongoose: the `new` option for `findOneAndUpdate()` and `findOneAndReplace()` is 
deprecated. Use `returnDocument: 'after'` instead.
(node:9428) [MONGOOSE] Warning: mongoose: the `new` option for `findOneAndUpdate()` and `findOneAndReplace()` is 
deprecated. Use `returnDocument: 'after'` instead.
(node:9428) [MONGOOSE] Warning: mongoose: the `new` option for `findOneAndUpdate()` and `findOneAndReplace()` is 
deprecated. Use `returnDocument: 'after'` instead.
(node:9428) [MONGOOSE] Warning: mongoose: the `new` option for `findOneAndUpdate()` and `findOneAndReplace()` is 
deprecated. Use `returnDocument: 'after'` instead.
(node:9428) [MONGOOSE] Warning: mongoose: the `new` option for `findOneAndUpdate()` and `findOneAndReplace()` is 
deprecated. Use `returnDocument: 'after'` instead.
(node:9428) [MONGOOSE] Warning: mongoose: the `new` option for `findOneAndUpdate()` and `findOneAndReplace()` is 
deprecated. Use `returnDocument: 'after'` instead.
(node:9428) [MONGOOSE] Warning: mongoose: the `new` option for `findOneAndUpdate()` and `findOneAndReplace()` is 
deprecated. Use `returnDocument: 'after'` instead.
(node:9428) [MONGOOSE] Warning: mongoose: the `new` option for `findOneAndUpdate()` and `findOneAndReplace()` is 
deprecated. Use `returnDocument: 'after'` instead.
(node:9428) [MONGOOSE] Warning: mongoose: the `new` option for `findOneAndUpdate()` and `findOneAndReplace()` is 
deprecated. Use `returnDocument: 'after'` instead.
(node:9428) [MONGOOSE] Warning: mongoose: the `new` option for `findOneAndUpdate()` and `findOneAndReplace()` is 
deprecated. Use `returnDocument: 'after'` instead.
(node:9428) [MONGOOSE] Warning: mongoose: the `new` option for `findOneAndUpdate()` and `findOneAndReplace()` is 
deprecated. Use `returnDocument: 'after'` instead.
(node:9428) [MONGOOSE] Warning: mongoose: the `new` option for `findOneAndUpdate()` and `findOneAndReplace()` is 
deprecated. Use `returnDocument: 'after'` instead.
(node:9428) [MONGOOSE] Warning: mongoose: the `new` option for `findOneAndUpdate()` and `findOneAndReplace()` is 
deprecated. Use `returnDocument: 'after'` instead.
(node:9428) [MONGOOSE] Warning: mongoose: the `new` option for `findOneAndUpdate()` and `findOneAndReplace()` is 
deprecated. Use `returnDocument: 'after'` instead.
(node:9428) [MONGOOSE] Warning: mongoose: the `new` option for `findOneAndUpdate()` and `findOneAndReplace()` is 
deprecated. Use `returnDocument: 'after'` instead.
(node:9428) [MONGOOSE] Warning: mongoose: the `new` option for `findOneAndUpdate()` and `findOneAndReplace()` is 
deprecated. Use `returnDocument: 'after'` instead.
(node:9428) [MONGOOSE] Warning: mongoose: the `new` option for `findOneAndUpdate()` and `findOneAndReplace()` is 
deprecated. Use `returnDocument: 'after'` instead.
(node:9428) [MONGOOSE] Warning: mongoose: the `new` option for `findOneAndUpdate()` and `findOneAndReplace()` is 
deprecated. Use `returnDocument: 'after'` instead.
(node:9428) [MONGOOSE] Warning: mongoose: the `new` option for `findOneAndUpdate()` and `findOneAndReplace()` is 
deprecated. Use `returnDocument: 'after'` instead.
(node:9428) [MONGOOSE] Warning: mongoose: the `new` option for `findOneAndUpdate()` and `findOneAndReplace()` is 
deprecated. Use `returnDocument: 'after'` instead.
(node:9428) [MONGOOSE] Warning: mongoose: the `new` option for `findOneAndUpdate()` and `findOneAndReplace()` is 
deprecated. Use `returnDocument: 'after'` instead.
(node:9428) [MONGOOSE] Warning: mongoose: the `new` option for `findOneAndUpdate()` and `findOneAndReplace()` is 
deprecated. Use `returnDocument: 'after'` instead.
(node:9428) [MONGOOSE] Warning: mongoose: the `new` option for `findOneAndUpdate()` and `findOneAndReplace()` is 
deprecated. Use `returnDocument: 'after'` instead.
(node:9428) [MONGOOSE] Warning: mongoose: the `new` option for `findOneAndUpdate()` and `findOneAndReplace()` is 
deprecated. Use `returnDocument: 'after'` instead.
(node:9428) [MONGOOSE] Warning: mongoose: the `new` option for `findOneAndUpdate()` and `findOneAndReplace()` is 
deprecated. Use `returnDocument: 'after'` instead.
(node:9428) [MONGOOSE] Warning: mongoose: the `new` option for `findOneAndUpdate()` and `findOneAndReplace()` is 
deprecated. Use `returnDocument: 'after'` instead.
(node:9428) [MONGOOSE] Warning: mongoose: the `new` option for `findOneAndUpdate()` and `findOneAndReplace()` is 
deprecated. Use `returnDocument: 'after'` instead.
(node:9428) [MONGOOSE] Warning: mongoose: the `new` option for `findOneAndUpdate()` and `findOneAndReplace()` is 
deprecated. Use `returnDocument: 'after'` instead.
(node:9428) [MONGOOSE] Warning: mongoose: the `new` option for `findOneAndUpdate()` and `findOneAndReplace()` is 
deprecated. Use `returnDocument: 'after'` instead.
(node:9428) [MONGOOSE] Warning: mongoose: the `new` option for `findOneAndUpdate()` and `findOneAndReplace()` is 
deprecated. Use `returnDocument: 'after'` instead.
(node:9428) [MONGOOSE] Warning: mongoose: the `new` option for `findOneAndUpdate()` and `findOneAndReplace()` is 
deprecated. Use `returnDocument: 'after'` instead.
(node:9428) [MONGOOSE] Warning: mongoose: the `new` option for `findOneAndUpdate()` and `findOneAndReplace()` is 
deprecated. Use `returnDocument: 'after'` instead.
(node:9428) [MONGOOSE] Warning: mongoose: the `new` option for `findOneAndUpdate()` and `findOneAndReplace()` is 
deprecated. Use `returnDocument: 'after'` instead.
PASS src/__tests__/models/customTable.test.ts
(node:9428) [MONGOOSE] Warning: mongoose: the `new` option for `findOneAndUpdate()` and `findOneAndReplace()` is 
deprecated. Use `returnDocument: 'after'` instead.
(node:9428) [MONGOOSE] Warning: mongoose: the `new` option for `findOneAndUpdate()` and `findOneAndReplace()` is 
deprecated. Use `returnDocument: 'after'` instead.
(node:9428) [MONGOOSE] Warning: mongoose: the `new` option for `findOneAndUpdate()` and `findOneAndReplace()` is 
deprecated. Use `returnDocument: 'after'` instead.
(node:9428) [MONGOOSE] Warning: mongoose: the `new` option for `findOneAndUpdate()` and `findOneAndReplace()` is 
deprecated. Use `returnDocument: 'after'` instead.
(node:9428) [MONGOOSE] Warning: mongoose: the `new` option for `findOneAndUpdate()` and `findOneAndReplace()` is 
deprecated. Use `returnDocument: 'after'` instead.
(node:9428) [MONGOOSE] Warning: mongoose: the `new` option for `findOneAndUpdate()` and `findOneAndReplace()` is 
deprecated. Use `returnDocument: 'after'` instead.
(node:9428) [MONGOOSE] Warning: mongoose: the `new` option for `findOneAndUpdate()` and `findOneAndReplace()` is 
deprecated. Use `returnDocument: 'after'` instead.
(node:9428) [MONGOOSE] Warning: mongoose: the `new` option for `findOneAndUpdate()` and `findOneAndReplace()` is 
deprecated. Use `returnDocument: 'after'` instead.
(node:9428) [MONGOOSE] Warning: mongoose: the `new` option for `findOneAndUpdate()` and `findOneAndReplace()` is 
deprecated. Use `returnDocument: 'after'` instead.
(node:9428) [MONGOOSE] Warning: mongoose: the `new` option for `findOneAndUpdate()` and `findOneAndReplace()` is 
deprecated. Use `returnDocument: 'after'` instead.
(node:9428) [MONGOOSE] Warning: mongoose: the `new` option for `findOneAndUpdate()` and `findOneAndReplace()` is 
deprecated. Use `returnDocument: 'after'` instead.
(node:9428) [MONGOOSE] Warning: mongoose: the `new` option for `findOneAndUpdate()` and `findOneAndReplace()` is 
deprecated. Use `returnDocument: 'after'` instead.
(node:9428) [MONGOOSE] Warning: mongoose: the `new` option for `findOneAndUpdate()` and `findOneAndReplace()` is 
deprecated. Use `returnDocument: 'after'` instead.
(node:9428) [MONGOOSE] Warning: mongoose: the `new` option for `findOneAndUpdate()` and `findOneAndReplace()` is 
deprecated. Use `returnDocument: 'after'` instead.
(node:9428) [MONGOOSE] Warning: mongoose: the `new` option for `findOneAndUpdate()` and `findOneAndReplace()` is 
deprecated. Use `returnDocument: 'after'` instead.
(node:9428) [MONGOOSE] Warning: mongoose: the `new` option for `findOneAndUpdate()` and `findOneAndReplace()` is 
deprecated. Use `returnDocument: 'after'` instead.
FAIL src/__tests__/integration/completeWorkflows.test.ts (11.919 s)
  ΓùÅ Console

    console.log
      [EntitlementService] Invalidated usage cache for owner 69a2dc62828fd63bcd9bf1a0

      at EntitlementService.invalidateUsageCache (src/services/entitlementService.ts:315:17)

    console.log
      [EntitlementService] Invalidated usage cache for owner 69a2dc62828fd63bcd9bf1c6

      at EntitlementService.invalidateUsageCache (src/services/entitlementService.ts:315:17)

    console.log
      [EntitlementService] Invalidated usage cache for owner 69a2dc62828fd63bcd9bf1c6

      at EntitlementService.invalidateUsageCache (src/services/entitlementService.ts:315:17)

    console.log
      [EntitlementService] Calculating total usage for owner: 69a2dc62828fd63bcd9bf1d3

      at EntitlementService.getTotalUsage (src/services/entitlementService.ts:50:21)

    console.log
      [EntitlementService] Total usage for owner 69a2dc62828fd63bcd9bf1d3: {
        totalWorkspaces: 1,
        totalSpaces: 1,
        totalLists: 0,
        totalFolders: 0,
        totalTasks: 0,
        totalTables: 0,
        totalRows: 0
      }

      at EntitlementService.getTotalUsage (src/services/entitlementService.ts:275:21)

    console.log
      [EntitlementService] Invalidated usage cache for owner 69a2dc62828fd63bcd9bf1d3

      at EntitlementService.invalidateUsageCache (src/services/entitlementService.ts:315:17)

    console.log
      [CustomTableService] Created table 69a2dc62828fd63bcd9bf1df in space 69a2dc62828fd63bcd9bf1d8

      at CustomTableService.createTable (src/services/customTableService.ts:56:21)

    console.log
      [CustomTableService] Added column 69a2dc62828fd63bcd9bf1e3 to table 69a2dc62828fd63bcd9bf1df

      at CustomTableService.addColumn (src/services/customTableService.ts:93:21)

    console.log
      [EntitlementService] Calculating total usage for owner: 69a2dc62828fd63bcd9bf1d3

      at EntitlementService.getTotalUsage (src/services/entitlementService.ts:50:21)

    console.log
      [EntitlementService] Total usage for owner 69a2dc62828fd63bcd9bf1d3: {
        totalWorkspaces: 1,
        totalSpaces: 1,
        totalLists: 0,
        totalFolders: 0,
        totalTasks: 0,
        totalTables: 1,
        totalRows: 0
      }

      at EntitlementService.getTotalUsage (src/services/entitlementService.ts:275:21)

    console.log
      [EntitlementService] Invalidated usage cache for owner 69a2dc62828fd63bcd9bf1d3

      at EntitlementService.invalidateUsageCache (src/services/entitlementService.ts:315:17)

    console.log
      [CustomTableService] Added row 69a2dc62828fd63bcd9bf1ee to table 69a2dc62828fd63bcd9bf1df

      at CustomTableService.addRow (src/services/customTableService.ts:220:21)

    console.log
      [EntitlementService] Returning cached add row entitlement for user 69a2dc62828fd63bcd9bf1d3

      at EntitlementService.canAddRow (src/services/entitlementService.ts:503:25)

    console.log
      [EntitlementService] Invalidated usage cache for owner 69a2dc62828fd63bcd9bf1d3

      at EntitlementService.invalidateUsageCache (src/services/entitlementService.ts:315:17)

    console.log
      [CustomTableService] Added row 69a2dc63828fd63bcd9bf1f5 to table 69a2dc62828fd63bcd9bf1df

      at CustomTableService.addRow (src/services/customTableService.ts:220:21)

    console.log
      [CustomTableService] Updated cell in table 69a2dc62828fd63bcd9bf1df, row 69a2dc62828fd63bcd9bf1ee, column col2

      at CustomTableService.updateCell (src/services/customTableService.ts:298:21)

    console.log
      [CustomTableService] Updated cell in table 69a2dc62828fd63bcd9bf1df, row 69a2dc62828fd63bcd9bf1ee, column 
69a2dc62828fd63bcd9bf1e3

      at CustomTableService.updateCell (src/services/customTableService.ts:298:21)

    console.log
      [CustomTableService] Updated cell color in table 69a2dc62828fd63bcd9bf1df, row 69a2dc62828fd63bcd9bf1ee, column 
col2

      at CustomTableService.updateCellColor (src/services/customTableService.ts:343:21)

    console.log
      [CustomTableService] Updated column col2 in table 69a2dc62828fd63bcd9bf1df

      at CustomTableService.updateColumn (src/services/customTableService.ts:134:21)

    console.log
      [EntitlementService] Invalidated usage cache for owner 69a2dc62828fd63bcd9bf1d3

      at EntitlementService.invalidateUsageCache (src/services/entitlementService.ts:315:17)

    console.log
      [CustomTableService] Deleted row 69a2dc63828fd63bcd9bf1f5 from table 69a2dc62828fd63bcd9bf1df

      at CustomTableService.deleteRow (src/services/customTableService.ts:252:21)

    console.log
      [CustomTableService] Deleted column col1 from table 69a2dc62828fd63bcd9bf1df

      at CustomTableService.deleteColumn (src/services/customTableService.ts:170:21)

    console.log
      [EntitlementService] Invalidated usage cache for owner 69a2dc62828fd63bcd9bf1d3

      at EntitlementService.invalidateUsageCache (src/services/entitlementService.ts:315:17)

    console.log
      [ExcelExportService] Exported table 69a2dc63828fd63bcd9bf233 to Excel

      at ExcelExportService.exportTableToExcel (src/services/excelExportService.ts:102:21)

    console.log
      [EntitlementService] Invalidated usage cache for owner 69a2dc63828fd63bcd9bf22c

      at EntitlementService.invalidateUsageCache (src/services/entitlementService.ts:315:17)

    console.log
      [EntitlementService] Calculating total usage for owner: 69a2dc63828fd63bcd9bf247

      at EntitlementService.getTotalUsage (src/services/entitlementService.ts:50:21)

    console.log
      [EntitlementService] Total usage for owner 69a2dc63828fd63bcd9bf247: {
        totalWorkspaces: 1,
        totalSpaces: 1,
        totalLists: 0,
        totalFolders: 0,
        totalTasks: 0,
        totalTables: 0,
        totalRows: 0
      }

      at EntitlementService.getTotalUsage (src/services/entitlementService.ts:275:21)

    console.log
      [EntitlementService] Invalidated usage cache for owner 69a2dc63828fd63bcd9bf247

      at EntitlementService.invalidateUsageCache (src/services/entitlementService.ts:315:17)

    console.log
      [CustomTableService] Created table 69a2dc64828fd63bcd9bf257 in space 69a2dc63828fd63bcd9bf24d

      at CustomTableService.createTable (src/services/customTableService.ts:56:21)

    console.log
      [EntitlementService] Returning cached create table entitlement for user 69a2dc63828fd63bcd9bf247

      at EntitlementService.canCreateTable (src/services/entitlementService.ts:420:25)

    console.log
      [EntitlementService] Invalidated usage cache for owner 69a2dc63828fd63bcd9bf247

      at EntitlementService.invalidateUsageCache (src/services/entitlementService.ts:315:17)

    console.log
      [CustomTableService] Created table 69a2dc64828fd63bcd9bf25a in space 69a2dc63828fd63bcd9bf24d

      at CustomTableService.createTable (src/services/customTableService.ts:56:21)

    console.log
      [EntitlementService] Returning cached create table entitlement for user 69a2dc63828fd63bcd9bf247

      at EntitlementService.canCreateTable (src/services/entitlementService.ts:420:25)

    console.log
      [EntitlementService] Invalidated usage cache for owner 69a2dc63828fd63bcd9bf247

      at EntitlementService.invalidateUsageCache (src/services/entitlementService.ts:315:17)

    console.log
      [CustomTableService] Created table 69a2dc64828fd63bcd9bf25d in space 69a2dc63828fd63bcd9bf24d

      at CustomTableService.createTable (src/services/customTableService.ts:56:21)

    console.log
      [EntitlementService] Returning cached create table entitlement for user 69a2dc63828fd63bcd9bf247

      at EntitlementService.canCreateTable (src/services/entitlementService.ts:420:25)

    console.log
      [EntitlementService] Invalidated usage cache for owner 69a2dc63828fd63bcd9bf247

      at EntitlementService.invalidateUsageCache (src/services/entitlementService.ts:315:17)

    console.log
      [CustomTableService] Created table 69a2dc64828fd63bcd9bf260 in space 69a2dc63828fd63bcd9bf24d

      at CustomTableService.createTable (src/services/customTableService.ts:56:21)

    console.log
      [EntitlementService] Returning cached create table entitlement for user 69a2dc63828fd63bcd9bf247

      at EntitlementService.canCreateTable (src/services/entitlementService.ts:420:25)

    console.log
      [EntitlementService] Invalidated usage cache for owner 69a2dc63828fd63bcd9bf247

      at EntitlementService.invalidateUsageCache (src/services/entitlementService.ts:315:17)

    console.log
      [CustomTableService] Created table 69a2dc64828fd63bcd9bf263 in space 69a2dc63828fd63bcd9bf24d

      at CustomTableService.createTable (src/services/customTableService.ts:56:21)

    console.log
      [EntitlementService] Returning cached create table entitlement for user 69a2dc63828fd63bcd9bf247

      at EntitlementService.canCreateTable (src/services/entitlementService.ts:420:25)

    console.log
      [EntitlementService] Invalidated usage cache for owner 69a2dc63828fd63bcd9bf247

      at EntitlementService.invalidateUsageCache (src/services/entitlementService.ts:315:17)

    console.log
      [CustomTableService] Created table 69a2dc64828fd63bcd9bf266 in space 69a2dc63828fd63bcd9bf24d

      at CustomTableService.createTable (src/services/customTableService.ts:56:21)

    console.log
      [EntitlementService] Returning cached create table entitlement for user 69a2dc63828fd63bcd9bf247

      at EntitlementService.canCreateTable (src/services/entitlementService.ts:420:25)

    console.log
      [EntitlementService] Invalidated usage cache for owner 69a2dc63828fd63bcd9bf247

      at EntitlementService.invalidateUsageCache (src/services/entitlementService.ts:315:17)

    console.log
      [CustomTableService] Created table 69a2dc64828fd63bcd9bf269 in space 69a2dc63828fd63bcd9bf24d

      at CustomTableService.createTable (src/services/customTableService.ts:56:21)

    console.log
      [EntitlementService] Returning cached create table entitlement for user 69a2dc63828fd63bcd9bf247

      at EntitlementService.canCreateTable (src/services/entitlementService.ts:420:25)

    console.log
      [EntitlementService] Invalidated usage cache for owner 69a2dc63828fd63bcd9bf247

      at EntitlementService.invalidateUsageCache (src/services/entitlementService.ts:315:17)

    console.log
      [CustomTableService] Created table 69a2dc64828fd63bcd9bf26c in space 69a2dc63828fd63bcd9bf24d

      at CustomTableService.createTable (src/services/customTableService.ts:56:21)

    console.log
      [EntitlementService] Returning cached create table entitlement for user 69a2dc63828fd63bcd9bf247

      at EntitlementService.canCreateTable (src/services/entitlementService.ts:420:25)

    console.log
      [EntitlementService] Invalidated usage cache for owner 69a2dc63828fd63bcd9bf247

      at EntitlementService.invalidateUsageCache (src/services/entitlementService.ts:315:17)

    console.log
      [CustomTableService] Created table 69a2dc64828fd63bcd9bf26f in space 69a2dc63828fd63bcd9bf24d

      at CustomTableService.createTable (src/services/customTableService.ts:56:21)

    console.log
      [EntitlementService] Returning cached create table entitlement for user 69a2dc63828fd63bcd9bf247

      at EntitlementService.canCreateTable (src/services/entitlementService.ts:420:25)

    console.log
      [EntitlementService] Invalidated usage cache for owner 69a2dc63828fd63bcd9bf247

      at EntitlementService.invalidateUsageCache (src/services/entitlementService.ts:315:17)

    console.log
      [CustomTableService] Created table 69a2dc64828fd63bcd9bf272 in space 69a2dc63828fd63bcd9bf24d

      at CustomTableService.createTable (src/services/customTableService.ts:56:21)

    console.log
      [EntitlementService] Calculating total usage for owner: 69a2dc63828fd63bcd9bf247

      at EntitlementService.getTotalUsage (src/services/entitlementService.ts:50:21)

    console.log
      [EntitlementService] Total usage for owner 69a2dc63828fd63bcd9bf247: {
        totalWorkspaces: 1,
        totalSpaces: 1,
        totalLists: 0,
        totalFolders: 0,
        totalTasks: 0,
        totalTables: 10,
        totalRows: 0
      }

      at EntitlementService.getTotalUsage (src/services/entitlementService.ts:275:21)

    console.log
      [EntitlementService] Returning cached create table entitlement for user 69a2dc63828fd63bcd9bf247

      at EntitlementService.canCreateTable (src/services/entitlementService.ts:420:25)

    console.log
      [EntitlementService] Invalidated usage cache for owner 69a2dc63828fd63bcd9bf247

      at EntitlementService.invalidateUsageCache (src/services/entitlementService.ts:315:17)

    console.log
      [CustomTableService] Created table 69a2dc64828fd63bcd9bf277 in space 69a2dc63828fd63bcd9bf24d

      at CustomTableService.createTable (src/services/customTableService.ts:56:21)

    console.log
      [EntitlementService] Invalidated usage cache for owner 69a2dc63828fd63bcd9bf247

      at EntitlementService.invalidateUsageCache (src/services/entitlementService.ts:315:17)

    console.log
      [EntitlementService] Calculating total usage for owner: 69a2dc64828fd63bcd9bf27d

      at EntitlementService.getTotalUsage (src/services/entitlementService.ts:50:21)

    console.log
      [EntitlementService] Total usage for owner 69a2dc64828fd63bcd9bf27d: {
        totalWorkspaces: 1,
        totalSpaces: 1,
        totalLists: 0,
        totalFolders: 0,
        totalTasks: 0,
        totalTables: 0,
        totalRows: 0
      }

      at EntitlementService.getTotalUsage (src/services/entitlementService.ts:275:21)

    console.log
      [EntitlementService] Invalidated usage cache for owner 69a2dc64828fd63bcd9bf27d

      at EntitlementService.invalidateUsageCache (src/services/entitlementService.ts:315:17)

    console.log
      [CustomTableService] Created table 69a2dc64828fd63bcd9bf289 in space 69a2dc64828fd63bcd9bf282

      at CustomTableService.createTable (src/services/customTableService.ts:56:21)

    console.log
      [EntitlementService] Calculating total usage for owner: 69a2dc64828fd63bcd9bf27d

      at EntitlementService.getTotalUsage (src/services/entitlementService.ts:50:21)

    console.log
      [EntitlementService] Total usage for owner 69a2dc64828fd63bcd9bf27d: {
        totalWorkspaces: 1,
        totalSpaces: 1,
        totalLists: 0,
        totalFolders: 0,
        totalTasks: 0,
        totalTables: 1,
        totalRows: 0
      }

      at EntitlementService.getTotalUsage (src/services/entitlementService.ts:275:21)

    console.log
      [EntitlementService] Invalidated usage cache for owner 69a2dc64828fd63bcd9bf27d

      at EntitlementService.invalidateUsageCache (src/services/entitlementService.ts:315:17)

    console.log
      [CustomTableService] Added row 69a2dc64828fd63bcd9bf28f to table 69a2dc64828fd63bcd9bf289

      at CustomTableService.addRow (src/services/customTableService.ts:220:21)

    console.log
      [EntitlementService] Returning cached add row entitlement for user 69a2dc64828fd63bcd9bf27d

      at EntitlementService.canAddRow (src/services/entitlementService.ts:503:25)

    console.log
      [EntitlementService] Invalidated usage cache for owner 69a2dc64828fd63bcd9bf27d

      at EntitlementService.invalidateUsageCache (src/services/entitlementService.ts:315:17)

    console.log
      [CustomTableService] Added row 69a2dc64828fd63bcd9bf293 to table 69a2dc64828fd63bcd9bf289

      at CustomTableService.addRow (src/services/customTableService.ts:220:21)

    console.log
      [EntitlementService] Returning cached add row entitlement for user 69a2dc64828fd63bcd9bf27d

      at EntitlementService.canAddRow (src/services/entitlementService.ts:503:25)

    console.log
      [EntitlementService] Invalidated usage cache for owner 69a2dc64828fd63bcd9bf27d

      at EntitlementService.invalidateUsageCache (src/services/entitlementService.ts:315:17)

    console.log
      [CustomTableService] Added row 69a2dc64828fd63bcd9bf298 to table 69a2dc64828fd63bcd9bf289

      at CustomTableService.addRow (src/services/customTableService.ts:220:21)

    console.log
      [EntitlementService] Returning cached add row entitlement for user 69a2dc64828fd63bcd9bf27d

      at EntitlementService.canAddRow (src/services/entitlementService.ts:503:25)

    console.log
      [EntitlementService] Invalidated usage cache for owner 69a2dc64828fd63bcd9bf27d

      at EntitlementService.invalidateUsageCache (src/services/entitlementService.ts:315:17)

    console.log
      [CustomTableService] Added row 69a2dc64828fd63bcd9bf29e to table 69a2dc64828fd63bcd9bf289

      at CustomTableService.addRow (src/services/customTableService.ts:220:21)

    console.log
      [EntitlementService] Returning cached add row entitlement for user 69a2dc64828fd63bcd9bf27d

      at EntitlementService.canAddRow (src/services/entitlementService.ts:503:25)

    console.log
      [EntitlementService] Invalidated usage cache for owner 69a2dc64828fd63bcd9bf27d

      at EntitlementService.invalidateUsageCache (src/services/entitlementService.ts:315:17)

    console.log
      [CustomTableService] Added row 69a2dc64828fd63bcd9bf2a5 to table 69a2dc64828fd63bcd9bf289

      at CustomTableService.addRow (src/services/customTableService.ts:220:21)

    console.log
      [EntitlementService] Returning cached add row entitlement for user 69a2dc64828fd63bcd9bf27d

      at EntitlementService.canAddRow (src/services/entitlementService.ts:503:25)

    console.log
      [EntitlementService] Invalidated usage cache for owner 69a2dc64828fd63bcd9bf27d

      at EntitlementService.invalidateUsageCache (src/services/entitlementService.ts:315:17)

    console.log
      [CustomTableService] Added row 69a2dc64828fd63bcd9bf2ad to table 69a2dc64828fd63bcd9bf289

      at CustomTableService.addRow (src/services/customTableService.ts:220:21)

    console.log
      [EntitlementService] Returning cached add row entitlement for user 69a2dc64828fd63bcd9bf27d

      at EntitlementService.canAddRow (src/services/entitlementService.ts:503:25)

    console.log
      [EntitlementService] Invalidated usage cache for owner 69a2dc64828fd63bcd9bf27d

      at EntitlementService.invalidateUsageCache (src/services/entitlementService.ts:315:17)

    console.log
      [CustomTableService] Added row 69a2dc64828fd63bcd9bf2b6 to table 69a2dc64828fd63bcd9bf289

      at CustomTableService.addRow (src/services/customTableService.ts:220:21)

    console.log
      [EntitlementService] Returning cached add row entitlement for user 69a2dc64828fd63bcd9bf27d

      at EntitlementService.canAddRow (src/services/entitlementService.ts:503:25)

    console.log
      [EntitlementService] Invalidated usage cache for owner 69a2dc64828fd63bcd9bf27d

      at EntitlementService.invalidateUsageCache (src/services/entitlementService.ts:315:17)

    console.log
      [CustomTableService] Added row 69a2dc64828fd63bcd9bf2c0 to table 69a2dc64828fd63bcd9bf289

      at CustomTableService.addRow (src/services/customTableService.ts:220:21)

    console.log
      [EntitlementService] Returning cached add row entitlement for user 69a2dc64828fd63bcd9bf27d

      at EntitlementService.canAddRow (src/services/entitlementService.ts:503:25)

    console.log
      [EntitlementService] Invalidated usage cache for owner 69a2dc64828fd63bcd9bf27d

      at EntitlementService.invalidateUsageCache (src/services/entitlementService.ts:315:17)

    console.log
      [CustomTableService] Added row 69a2dc64828fd63bcd9bf2cb to table 69a2dc64828fd63bcd9bf289

      at CustomTableService.addRow (src/services/customTableService.ts:220:21)

    console.log
      [EntitlementService] Returning cached add row entitlement for user 69a2dc64828fd63bcd9bf27d

      at EntitlementService.canAddRow (src/services/entitlementService.ts:503:25)

    console.log
      [EntitlementService] Invalidated usage cache for owner 69a2dc64828fd63bcd9bf27d

      at EntitlementService.invalidateUsageCache (src/services/entitlementService.ts:315:17)

    console.log
      [CustomTableService] Added row 69a2dc64828fd63bcd9bf2d7 to table 69a2dc64828fd63bcd9bf289

      at CustomTableService.addRow (src/services/customTableService.ts:220:21)

    console.log
      [EntitlementService] Returning cached add row entitlement for user 69a2dc64828fd63bcd9bf27d

      at EntitlementService.canAddRow (src/services/entitlementService.ts:503:25)

    console.log
      [EntitlementService] Invalidated usage cache for owner 69a2dc64828fd63bcd9bf27d

      at EntitlementService.invalidateUsageCache (src/services/entitlementService.ts:315:17)

    console.log
      [CustomTableService] Added row 69a2dc64828fd63bcd9bf2e4 to table 69a2dc64828fd63bcd9bf289

      at CustomTableService.addRow (src/services/customTableService.ts:220:21)

    console.log
      [EntitlementService] Returning cached add row entitlement for user 69a2dc64828fd63bcd9bf27d

      at EntitlementService.canAddRow (src/services/entitlementService.ts:503:25)

    console.log
      [EntitlementService] Invalidated usage cache for owner 69a2dc64828fd63bcd9bf27d

      at EntitlementService.invalidateUsageCache (src/services/entitlementService.ts:315:17)

    console.log
      [CustomTableService] Added row 69a2dc64828fd63bcd9bf2f2 to table 69a2dc64828fd63bcd9bf289

      at CustomTableService.addRow (src/services/customTableService.ts:220:21)

    console.log
      [EntitlementService] Returning cached add row entitlement for user 69a2dc64828fd63bcd9bf27d

      at EntitlementService.canAddRow (src/services/entitlementService.ts:503:25)

    console.log
      [EntitlementService] Invalidated usage cache for owner 69a2dc64828fd63bcd9bf27d

      at EntitlementService.invalidateUsageCache (src/services/entitlementService.ts:315:17)

    console.log
      [CustomTableService] Added row 69a2dc64828fd63bcd9bf301 to table 69a2dc64828fd63bcd9bf289

      at CustomTableService.addRow (src/services/customTableService.ts:220:21)

    console.log
      [EntitlementService] Returning cached add row entitlement for user 69a2dc64828fd63bcd9bf27d

      at EntitlementService.canAddRow (src/services/entitlementService.ts:503:25)

    console.log
      [EntitlementService] Invalidated usage cache for owner 69a2dc64828fd63bcd9bf27d

      at EntitlementService.invalidateUsageCache (src/services/entitlementService.ts:315:17)

    console.log
      [CustomTableService] Added row 69a2dc64828fd63bcd9bf311 to table 69a2dc64828fd63bcd9bf289

      at CustomTableService.addRow (src/services/customTableService.ts:220:21)

    console.log
      [EntitlementService] Returning cached add row entitlement for user 69a2dc64828fd63bcd9bf27d

      at EntitlementService.canAddRow (src/services/entitlementService.ts:503:25)

    console.log
      [EntitlementService] Invalidated usage cache for owner 69a2dc64828fd63bcd9bf27d

      at EntitlementService.invalidateUsageCache (src/services/entitlementService.ts:315:17)

    console.log
      [CustomTableService] Added row 69a2dc64828fd63bcd9bf322 to table 69a2dc64828fd63bcd9bf289

      at CustomTableService.addRow (src/services/customTableService.ts:220:21)

    console.log
      [EntitlementService] Returning cached add row entitlement for user 69a2dc64828fd63bcd9bf27d

      at EntitlementService.canAddRow (src/services/entitlementService.ts:503:25)

    console.log
      [EntitlementService] Invalidated usage cache for owner 69a2dc64828fd63bcd9bf27d

      at EntitlementService.invalidateUsageCache (src/services/entitlementService.ts:315:17)

    console.log
      [CustomTableService] Added row 69a2dc64828fd63bcd9bf334 to table 69a2dc64828fd63bcd9bf289

      at CustomTableService.addRow (src/services/customTableService.ts:220:21)

    console.log
      [EntitlementService] Returning cached add row entitlement for user 69a2dc64828fd63bcd9bf27d

      at EntitlementService.canAddRow (src/services/entitlementService.ts:503:25)

    console.log
      [EntitlementService] Invalidated usage cache for owner 69a2dc64828fd63bcd9bf27d

      at EntitlementService.invalidateUsageCache (src/services/entitlementService.ts:315:17)

    console.log
      [CustomTableService] Added row 69a2dc64828fd63bcd9bf347 to table 69a2dc64828fd63bcd9bf289

      at CustomTableService.addRow (src/services/customTableService.ts:220:21)

    console.log
      [EntitlementService] Returning cached add row entitlement for user 69a2dc64828fd63bcd9bf27d

      at EntitlementService.canAddRow (src/services/entitlementService.ts:503:25)

    console.log
      [EntitlementService] Invalidated usage cache for owner 69a2dc64828fd63bcd9bf27d

      at EntitlementService.invalidateUsageCache (src/services/entitlementService.ts:315:17)

    console.log
      [CustomTableService] Added row 69a2dc64828fd63bcd9bf35b to table 69a2dc64828fd63bcd9bf289

      at CustomTableService.addRow (src/services/customTableService.ts:220:21)

    console.log
      [EntitlementService] Returning cached add row entitlement for user 69a2dc64828fd63bcd9bf27d

      at EntitlementService.canAddRow (src/services/entitlementService.ts:503:25)

    console.log
      [EntitlementService] Invalidated usage cache for owner 69a2dc64828fd63bcd9bf27d

      at EntitlementService.invalidateUsageCache (src/services/entitlementService.ts:315:17)

    console.log
      [CustomTableService] Added row 69a2dc64828fd63bcd9bf370 to table 69a2dc64828fd63bcd9bf289

      at CustomTableService.addRow (src/services/customTableService.ts:220:21)

    console.log
      [EntitlementService] Returning cached add row entitlement for user 69a2dc64828fd63bcd9bf27d

      at EntitlementService.canAddRow (src/services/entitlementService.ts:503:25)

    console.log
      [EntitlementService] Invalidated usage cache for owner 69a2dc64828fd63bcd9bf27d

      at EntitlementService.invalidateUsageCache (src/services/entitlementService.ts:315:17)

    console.log
      [CustomTableService] Added row 69a2dc64828fd63bcd9bf386 to table 69a2dc64828fd63bcd9bf289

      at CustomTableService.addRow (src/services/customTableService.ts:220:21)

    console.log
      [EntitlementService] Returning cached add row entitlement for user 69a2dc64828fd63bcd9bf27d

      at EntitlementService.canAddRow (src/services/entitlementService.ts:503:25)

    console.log
      [EntitlementService] Invalidated usage cache for owner 69a2dc64828fd63bcd9bf27d

      at EntitlementService.invalidateUsageCache (src/services/entitlementService.ts:315:17)

    console.log
      [CustomTableService] Added row 69a2dc64828fd63bcd9bf39d to table 69a2dc64828fd63bcd9bf289

      at CustomTableService.addRow (src/services/customTableService.ts:220:21)

    console.log
      [EntitlementService] Returning cached add row entitlement for user 69a2dc64828fd63bcd9bf27d

      at EntitlementService.canAddRow (src/services/entitlementService.ts:503:25)

    console.log
      [EntitlementService] Invalidated usage cache for owner 69a2dc64828fd63bcd9bf27d

      at EntitlementService.invalidateUsageCache (src/services/entitlementService.ts:315:17)

    console.log
      [CustomTableService] Added row 69a2dc64828fd63bcd9bf3b5 to table 69a2dc64828fd63bcd9bf289

      at CustomTableService.addRow (src/services/customTableService.ts:220:21)

    console.log
      [EntitlementService] Returning cached add row entitlement for user 69a2dc64828fd63bcd9bf27d

      at EntitlementService.canAddRow (src/services/entitlementService.ts:503:25)

    console.log
      [EntitlementService] Invalidated usage cache for owner 69a2dc64828fd63bcd9bf27d

      at EntitlementService.invalidateUsageCache (src/services/entitlementService.ts:315:17)

    console.log
      [CustomTableService] Added row 69a2dc64828fd63bcd9bf3ce to table 69a2dc64828fd63bcd9bf289

      at CustomTableService.addRow (src/services/customTableService.ts:220:21)

    console.log
      [EntitlementService] Returning cached add row entitlement for user 69a2dc64828fd63bcd9bf27d

      at EntitlementService.canAddRow (src/services/entitlementService.ts:503:25)

    console.log
      [EntitlementService] Invalidated usage cache for owner 69a2dc64828fd63bcd9bf27d

      at EntitlementService.invalidateUsageCache (src/services/entitlementService.ts:315:17)

    console.log
      [CustomTableService] Added row 69a2dc64828fd63bcd9bf3e8 to table 69a2dc64828fd63bcd9bf289

      at CustomTableService.addRow (src/services/customTableService.ts:220:21)

    console.log
      [EntitlementService] Returning cached add row entitlement for user 69a2dc64828fd63bcd9bf27d

      at EntitlementService.canAddRow (src/services/entitlementService.ts:503:25)

    console.log
      [EntitlementService] Invalidated usage cache for owner 69a2dc64828fd63bcd9bf27d

      at EntitlementService.invalidateUsageCache (src/services/entitlementService.ts:315:17)

    console.log
      [CustomTableService] Added row 69a2dc64828fd63bcd9bf403 to table 69a2dc64828fd63bcd9bf289

      at CustomTableService.addRow (src/services/customTableService.ts:220:21)

    console.log
      [EntitlementService] Returning cached add row entitlement for user 69a2dc64828fd63bcd9bf27d

      at EntitlementService.canAddRow (src/services/entitlementService.ts:503:25)

    console.log
      [EntitlementService] Invalidated usage cache for owner 69a2dc64828fd63bcd9bf27d

      at EntitlementService.invalidateUsageCache (src/services/entitlementService.ts:315:17)

    console.log
      [CustomTableService] Added row 69a2dc64828fd63bcd9bf41f to table 69a2dc64828fd63bcd9bf289

      at CustomTableService.addRow (src/services/customTableService.ts:220:21)

    console.log
      [EntitlementService] Returning cached add row entitlement for user 69a2dc64828fd63bcd9bf27d

      at EntitlementService.canAddRow (src/services/entitlementService.ts:503:25)

    console.log
      [EntitlementService] Invalidated usage cache for owner 69a2dc64828fd63bcd9bf27d

      at EntitlementService.invalidateUsageCache (src/services/entitlementService.ts:315:17)

    console.log
      [CustomTableService] Added row 69a2dc64828fd63bcd9bf43c to table 69a2dc64828fd63bcd9bf289

      at CustomTableService.addRow (src/services/customTableService.ts:220:21)

    console.log
      [EntitlementService] Returning cached add row entitlement for user 69a2dc64828fd63bcd9bf27d

      at EntitlementService.canAddRow (src/services/entitlementService.ts:503:25)

    console.log
      [EntitlementService] Invalidated usage cache for owner 69a2dc64828fd63bcd9bf27d

      at EntitlementService.invalidateUsageCache (src/services/entitlementService.ts:315:17)

    console.log
      [CustomTableService] Added row 69a2dc64828fd63bcd9bf45a to table 69a2dc64828fd63bcd9bf289

      at CustomTableService.addRow (src/services/customTableService.ts:220:21)

    console.log
      [EntitlementService] Returning cached add row entitlement for user 69a2dc64828fd63bcd9bf27d

      at EntitlementService.canAddRow (src/services/entitlementService.ts:503:25)

    console.log
      [EntitlementService] Invalidated usage cache for owner 69a2dc64828fd63bcd9bf27d

      at EntitlementService.invalidateUsageCache (src/services/entitlementService.ts:315:17)

    console.log
      [CustomTableService] Added row 69a2dc64828fd63bcd9bf479 to table 69a2dc64828fd63bcd9bf289

      at CustomTableService.addRow (src/services/customTableService.ts:220:21)

    console.log
      [EntitlementService] Returning cached add row entitlement for user 69a2dc64828fd63bcd9bf27d

      at EntitlementService.canAddRow (src/services/entitlementService.ts:503:25)

    console.log
      [EntitlementService] Invalidated usage cache for owner 69a2dc64828fd63bcd9bf27d

      at EntitlementService.invalidateUsageCache (src/services/entitlementService.ts:315:17)

    console.log
      [CustomTableService] Added row 69a2dc64828fd63bcd9bf499 to table 69a2dc64828fd63bcd9bf289

      at CustomTableService.addRow (src/services/customTableService.ts:220:21)

    console.log
      [EntitlementService] Returning cached add row entitlement for user 69a2dc64828fd63bcd9bf27d

      at EntitlementService.canAddRow (src/services/entitlementService.ts:503:25)

    console.log
      [EntitlementService] Invalidated usage cache for owner 69a2dc64828fd63bcd9bf27d

      at EntitlementService.invalidateUsageCache (src/services/entitlementService.ts:315:17)

    console.log
      [CustomTableService] Added row 69a2dc64828fd63bcd9bf4ba to table 69a2dc64828fd63bcd9bf289

      at CustomTableService.addRow (src/services/customTableService.ts:220:21)

    console.log
      [EntitlementService] Returning cached add row entitlement for user 69a2dc64828fd63bcd9bf27d

      at EntitlementService.canAddRow (src/services/entitlementService.ts:503:25)

    console.log
      [EntitlementService] Invalidated usage cache for owner 69a2dc64828fd63bcd9bf27d

      at EntitlementService.invalidateUsageCache (src/services/entitlementService.ts:315:17)

    console.log
      [CustomTableService] Added row 69a2dc64828fd63bcd9bf4dc to table 69a2dc64828fd63bcd9bf289

      at CustomTableService.addRow (src/services/customTableService.ts:220:21)

    console.log
      [EntitlementService] Returning cached add row entitlement for user 69a2dc64828fd63bcd9bf27d

      at EntitlementService.canAddRow (src/services/entitlementService.ts:503:25)

    console.log
      [EntitlementService] Invalidated usage cache for owner 69a2dc64828fd63bcd9bf27d

      at EntitlementService.invalidateUsageCache (src/services/entitlementService.ts:315:17)

    console.log
      [CustomTableService] Added row 69a2dc64828fd63bcd9bf4ff to table 69a2dc64828fd63bcd9bf289

      at CustomTableService.addRow (src/services/customTableService.ts:220:21)

    console.log
      [EntitlementService] Returning cached add row entitlement for user 69a2dc64828fd63bcd9bf27d

      at EntitlementService.canAddRow (src/services/entitlementService.ts:503:25)

    console.log
      [EntitlementService] Invalidated usage cache for owner 69a2dc64828fd63bcd9bf27d

      at EntitlementService.invalidateUsageCache (src/services/entitlementService.ts:315:17)

    console.log
      [CustomTableService] Added row 69a2dc64828fd63bcd9bf523 to table 69a2dc64828fd63bcd9bf289

      at CustomTableService.addRow (src/services/customTableService.ts:220:21)

    console.log
      [EntitlementService] Returning cached add row entitlement for user 69a2dc64828fd63bcd9bf27d

      at EntitlementService.canAddRow (src/services/entitlementService.ts:503:25)

    console.log
      [EntitlementService] Invalidated usage cache for owner 69a2dc64828fd63bcd9bf27d

      at EntitlementService.invalidateUsageCache (src/services/entitlementService.ts:315:17)

    console.log
      [CustomTableService] Added row 69a2dc64828fd63bcd9bf548 to table 69a2dc64828fd63bcd9bf289

      at CustomTableService.addRow (src/services/customTableService.ts:220:21)

    console.log
      [EntitlementService] Returning cached add row entitlement for user 69a2dc64828fd63bcd9bf27d

      at EntitlementService.canAddRow (src/services/entitlementService.ts:503:25)

    console.log
      [EntitlementService] Invalidated usage cache for owner 69a2dc64828fd63bcd9bf27d

      at EntitlementService.invalidateUsageCache (src/services/entitlementService.ts:315:17)

    console.log
      [CustomTableService] Added row 69a2dc64828fd63bcd9bf56e to table 69a2dc64828fd63bcd9bf289

      at CustomTableService.addRow (src/services/customTableService.ts:220:21)

    console.log
      [EntitlementService] Returning cached add row entitlement for user 69a2dc64828fd63bcd9bf27d

      at EntitlementService.canAddRow (src/services/entitlementService.ts:503:25)

    console.log
      [EntitlementService] Invalidated usage cache for owner 69a2dc64828fd63bcd9bf27d

      at EntitlementService.invalidateUsageCache (src/services/entitlementService.ts:315:17)

    console.log
      [CustomTableService] Added row 69a2dc64828fd63bcd9bf595 to table 69a2dc64828fd63bcd9bf289

      at CustomTableService.addRow (src/services/customTableService.ts:220:21)

    console.log
      [EntitlementService] Returning cached add row entitlement for user 69a2dc64828fd63bcd9bf27d

      at EntitlementService.canAddRow (src/services/entitlementService.ts:503:25)

    console.log
      [EntitlementService] Invalidated usage cache for owner 69a2dc64828fd63bcd9bf27d

      at EntitlementService.invalidateUsageCache (src/services/entitlementService.ts:315:17)

    console.log
      [CustomTableService] Added row 69a2dc64828fd63bcd9bf5bd to table 69a2dc64828fd63bcd9bf289

      at CustomTableService.addRow (src/services/customTableService.ts:220:21)

    console.log
      [EntitlementService] Returning cached add row entitlement for user 69a2dc64828fd63bcd9bf27d

      at EntitlementService.canAddRow (src/services/entitlementService.ts:503:25)

    console.log
      [EntitlementService] Invalidated usage cache for owner 69a2dc64828fd63bcd9bf27d

      at EntitlementService.invalidateUsageCache (src/services/entitlementService.ts:315:17)

    console.log
      [CustomTableService] Added row 69a2dc65828fd63bcd9bf5e6 to table 69a2dc64828fd63bcd9bf289

      at CustomTableService.addRow (src/services/customTableService.ts:220:21)

    console.log
      [EntitlementService] Returning cached add row entitlement for user 69a2dc64828fd63bcd9bf27d

      at EntitlementService.canAddRow (src/services/entitlementService.ts:503:25)

    console.log
      [EntitlementService] Invalidated usage cache for owner 69a2dc64828fd63bcd9bf27d

      at EntitlementService.invalidateUsageCache (src/services/entitlementService.ts:315:17)

    console.log
      [CustomTableService] Added row 69a2dc65828fd63bcd9bf610 to table 69a2dc64828fd63bcd9bf289

      at CustomTableService.addRow (src/services/customTableService.ts:220:21)

    console.log
      [EntitlementService] Returning cached add row entitlement for user 69a2dc64828fd63bcd9bf27d

      at EntitlementService.canAddRow (src/services/entitlementService.ts:503:25)

    console.log
      [EntitlementService] Invalidated usage cache for owner 69a2dc64828fd63bcd9bf27d

      at EntitlementService.invalidateUsageCache (src/services/entitlementService.ts:315:17)

    console.log
      [CustomTableService] Added row 69a2dc65828fd63bcd9bf63b to table 69a2dc64828fd63bcd9bf289

      at CustomTableService.addRow (src/services/customTableService.ts:220:21)

    console.log
      [EntitlementService] Returning cached add row entitlement for user 69a2dc64828fd63bcd9bf27d

      at EntitlementService.canAddRow (src/services/entitlementService.ts:503:25)

    console.log
      [EntitlementService] Invalidated usage cache for owner 69a2dc64828fd63bcd9bf27d

      at EntitlementService.invalidateUsageCache (src/services/entitlementService.ts:315:17)

    console.log
      [CustomTableService] Added row 69a2dc65828fd63bcd9bf667 to table 69a2dc64828fd63bcd9bf289

      at CustomTableService.addRow (src/services/customTableService.ts:220:21)

    console.log
      [EntitlementService] Returning cached add row entitlement for user 69a2dc64828fd63bcd9bf27d

      at EntitlementService.canAddRow (src/services/entitlementService.ts:503:25)

    console.log
      [EntitlementService] Invalidated usage cache for owner 69a2dc64828fd63bcd9bf27d

      at EntitlementService.invalidateUsageCache (src/services/entitlementService.ts:315:17)

    console.log
      [CustomTableService] Added row 69a2dc65828fd63bcd9bf694 to table 69a2dc64828fd63bcd9bf289

      at CustomTableService.addRow (src/services/customTableService.ts:220:21)

    console.log
      [EntitlementService] Returning cached add row entitlement for user 69a2dc64828fd63bcd9bf27d

      at EntitlementService.canAddRow (src/services/entitlementService.ts:503:25)

    console.log
      [EntitlementService] Invalidated usage cache for owner 69a2dc64828fd63bcd9bf27d

      at EntitlementService.invalidateUsageCache (src/services/entitlementService.ts:315:17)

    console.log
      [CustomTableService] Added row 69a2dc65828fd63bcd9bf6c2 to table 69a2dc64828fd63bcd9bf289

      at CustomTableService.addRow (src/services/customTableService.ts:220:21)

    console.log
      [EntitlementService] Returning cached add row entitlement for user 69a2dc64828fd63bcd9bf27d

      at EntitlementService.canAddRow (src/services/entitlementService.ts:503:25)

    console.log
      [EntitlementService] Invalidated usage cache for owner 69a2dc64828fd63bcd9bf27d

      at EntitlementService.invalidateUsageCache (src/services/entitlementService.ts:315:17)

    console.log
      [CustomTableService] Added row 69a2dc65828fd63bcd9bf6f1 to table 69a2dc64828fd63bcd9bf289

      at CustomTableService.addRow (src/services/customTableService.ts:220:21)

    console.log
      [EntitlementService] Returning cached add row entitlement for user 69a2dc64828fd63bcd9bf27d

      at EntitlementService.canAddRow (src/services/entitlementService.ts:503:25)

    console.log
      [EntitlementService] Invalidated usage cache for owner 69a2dc64828fd63bcd9bf27d

      at EntitlementService.invalidateUsageCache (src/services/entitlementService.ts:315:17)

    console.log
      [CustomTableService] Added row 69a2dc65828fd63bcd9bf721 to table 69a2dc64828fd63bcd9bf289

      at CustomTableService.addRow (src/services/customTableService.ts:220:21)

    console.log
      [EntitlementService] Returning cached add row entitlement for user 69a2dc64828fd63bcd9bf27d

      at EntitlementService.canAddRow (src/services/entitlementService.ts:503:25)

    console.log
      [EntitlementService] Invalidated usage cache for owner 69a2dc64828fd63bcd9bf27d

      at EntitlementService.invalidateUsageCache (src/services/entitlementService.ts:315:17)

    console.log
      [CustomTableService] Added row 69a2dc65828fd63bcd9bf752 to table 69a2dc64828fd63bcd9bf289

      at CustomTableService.addRow (src/services/customTableService.ts:220:21)

    console.log
      [EntitlementService] Returning cached add row entitlement for user 69a2dc64828fd63bcd9bf27d

      at EntitlementService.canAddRow (src/services/entitlementService.ts:503:25)

    console.log
      [EntitlementService] Invalidated usage cache for owner 69a2dc64828fd63bcd9bf27d

      at EntitlementService.invalidateUsageCache (src/services/entitlementService.ts:315:17)

    console.log
      [CustomTableService] Added row 69a2dc65828fd63bcd9bf784 to table 69a2dc64828fd63bcd9bf289

      at CustomTableService.addRow (src/services/customTableService.ts:220:21)

    console.log
      [EntitlementService] Returning cached add row entitlement for user 69a2dc64828fd63bcd9bf27d

      at EntitlementService.canAddRow (src/services/entitlementService.ts:503:25)

    console.log
      [EntitlementService] Invalidated usage cache for owner 69a2dc64828fd63bcd9bf27d

      at EntitlementService.invalidateUsageCache (src/services/entitlementService.ts:315:17)

    console.log
      [CustomTableService] Added row 69a2dc65828fd63bcd9bf7b7 to table 69a2dc64828fd63bcd9bf289

      at CustomTableService.addRow (src/services/customTableService.ts:220:21)

    console.log
      [EntitlementService] Returning cached add row entitlement for user 69a2dc64828fd63bcd9bf27d

      at EntitlementService.canAddRow (src/services/entitlementService.ts:503:25)

    console.log
      [EntitlementService] Invalidated usage cache for owner 69a2dc64828fd63bcd9bf27d

      at EntitlementService.invalidateUsageCache (src/services/entitlementService.ts:315:17)

    console.log
      [CustomTableService] Added row 69a2dc65828fd63bcd9bf7eb to table 69a2dc64828fd63bcd9bf289

      at CustomTableService.addRow (src/services/customTableService.ts:220:21)

    console.log
      [EntitlementService] Returning cached add row entitlement for user 69a2dc64828fd63bcd9bf27d

      at EntitlementService.canAddRow (src/services/entitlementService.ts:503:25)

    console.log
      [EntitlementService] Invalidated usage cache for owner 69a2dc64828fd63bcd9bf27d

      at EntitlementService.invalidateUsageCache (src/services/entitlementService.ts:315:17)

    console.log
      [CustomTableService] Added row 69a2dc65828fd63bcd9bf820 to table 69a2dc64828fd63bcd9bf289

      at CustomTableService.addRow (src/services/customTableService.ts:220:21)

    console.log
      [EntitlementService] Returning cached add row entitlement for user 69a2dc64828fd63bcd9bf27d

      at EntitlementService.canAddRow (src/services/entitlementService.ts:503:25)

    console.log
      [EntitlementService] Invalidated usage cache for owner 69a2dc64828fd63bcd9bf27d

      at EntitlementService.invalidateUsageCache (src/services/entitlementService.ts:315:17)

    console.log
      [CustomTableService] Added row 69a2dc65828fd63bcd9bf856 to table 69a2dc64828fd63bcd9bf289

      at CustomTableService.addRow (src/services/customTableService.ts:220:21)

    console.log
      [EntitlementService] Returning cached add row entitlement for user 69a2dc64828fd63bcd9bf27d

      at EntitlementService.canAddRow (src/services/entitlementService.ts:503:25)

    console.log
      [EntitlementService] Invalidated usage cache for owner 69a2dc64828fd63bcd9bf27d

      at EntitlementService.invalidateUsageCache (src/services/entitlementService.ts:315:17)

    console.log
      [CustomTableService] Added row 69a2dc65828fd63bcd9bf88d to table 69a2dc64828fd63bcd9bf289

      at CustomTableService.addRow (src/services/customTableService.ts:220:21)

    console.log
      [EntitlementService] Returning cached add row entitlement for user 69a2dc64828fd63bcd9bf27d

      at EntitlementService.canAddRow (src/services/entitlementService.ts:503:25)

    console.log
      [EntitlementService] Invalidated usage cache for owner 69a2dc64828fd63bcd9bf27d

      at EntitlementService.invalidateUsageCache (src/services/entitlementService.ts:315:17)

    console.log
      [CustomTableService] Added row 69a2dc65828fd63bcd9bf8c5 to table 69a2dc64828fd63bcd9bf289

      at CustomTableService.addRow (src/services/customTableService.ts:220:21)

    console.log
      [EntitlementService] Returning cached add row entitlement for user 69a2dc64828fd63bcd9bf27d

      at EntitlementService.canAddRow (src/services/entitlementService.ts:503:25)

    console.log
      [EntitlementService] Invalidated usage cache for owner 69a2dc64828fd63bcd9bf27d

      at EntitlementService.invalidateUsageCache (src/services/entitlementService.ts:315:17)

    console.log
      [CustomTableService] Added row 69a2dc65828fd63bcd9bf8fe to table 69a2dc64828fd63bcd9bf289

      at CustomTableService.addRow (src/services/customTableService.ts:220:21)

    console.log
      [EntitlementService] Returning cached add row entitlement for user 69a2dc64828fd63bcd9bf27d

      at EntitlementService.canAddRow (src/services/entitlementService.ts:503:25)

    console.log
      [EntitlementService] Invalidated usage cache for owner 69a2dc64828fd63bcd9bf27d

      at EntitlementService.invalidateUsageCache (src/services/entitlementService.ts:315:17)

    console.log
      [CustomTableService] Added row 69a2dc65828fd63bcd9bf938 to table 69a2dc64828fd63bcd9bf289

      at CustomTableService.addRow (src/services/customTableService.ts:220:21)

    console.log
      [EntitlementService] Returning cached add row entitlement for user 69a2dc64828fd63bcd9bf27d

      at EntitlementService.canAddRow (src/services/entitlementService.ts:503:25)

    console.log
      [EntitlementService] Invalidated usage cache for owner 69a2dc64828fd63bcd9bf27d

      at EntitlementService.invalidateUsageCache (src/services/entitlementService.ts:315:17)

    console.log
      [CustomTableService] Added row 69a2dc65828fd63bcd9bf973 to table 69a2dc64828fd63bcd9bf289

      at CustomTableService.addRow (src/services/customTableService.ts:220:21)

    console.log
      [EntitlementService] Returning cached add row entitlement for user 69a2dc64828fd63bcd9bf27d

      at EntitlementService.canAddRow (src/services/entitlementService.ts:503:25)

    console.log
      [EntitlementService] Invalidated usage cache for owner 69a2dc64828fd63bcd9bf27d

      at EntitlementService.invalidateUsageCache (src/services/entitlementService.ts:315:17)

    console.log
      [CustomTableService] Added row 69a2dc65828fd63bcd9bf9af to table 69a2dc64828fd63bcd9bf289

      at CustomTableService.addRow (src/services/customTableService.ts:220:21)

    console.log
      [EntitlementService] Returning cached add row entitlement for user 69a2dc64828fd63bcd9bf27d

      at EntitlementService.canAddRow (src/services/entitlementService.ts:503:25)

    console.log
      [EntitlementService] Invalidated usage cache for owner 69a2dc64828fd63bcd9bf27d

      at EntitlementService.invalidateUsageCache (src/services/entitlementService.ts:315:17)

    console.log
      [CustomTableService] Added row 69a2dc65828fd63bcd9bf9ec to table 69a2dc64828fd63bcd9bf289

      at CustomTableService.addRow (src/services/customTableService.ts:220:21)

    console.log
      [EntitlementService] Returning cached add row entitlement for user 69a2dc64828fd63bcd9bf27d

      at EntitlementService.canAddRow (src/services/entitlementService.ts:503:25)

    console.log
      [EntitlementService] Invalidated usage cache for owner 69a2dc64828fd63bcd9bf27d

      at EntitlementService.invalidateUsageCache (src/services/entitlementService.ts:315:17)

    console.log
      [CustomTableService] Added row 69a2dc65828fd63bcd9bfa2a to table 69a2dc64828fd63bcd9bf289

      at CustomTableService.addRow (src/services/customTableService.ts:220:21)

    console.log
      [EntitlementService] Returning cached add row entitlement for user 69a2dc64828fd63bcd9bf27d

      at EntitlementService.canAddRow (src/services/entitlementService.ts:503:25)

    console.log
      [EntitlementService] Invalidated usage cache for owner 69a2dc64828fd63bcd9bf27d

      at EntitlementService.invalidateUsageCache (src/services/entitlementService.ts:315:17)

    console.log
      [CustomTableService] Added row 69a2dc65828fd63bcd9bfa69 to table 69a2dc64828fd63bcd9bf289

      at CustomTableService.addRow (src/services/customTableService.ts:220:21)

    console.log
      [EntitlementService] Returning cached add row entitlement for user 69a2dc64828fd63bcd9bf27d

      at EntitlementService.canAddRow (src/services/entitlementService.ts:503:25)

    console.log
      [EntitlementService] Invalidated usage cache for owner 69a2dc64828fd63bcd9bf27d

      at EntitlementService.invalidateUsageCache (src/services/entitlementService.ts:315:17)

    console.log
      [CustomTableService] Added row 69a2dc65828fd63bcd9bfaa9 to table 69a2dc64828fd63bcd9bf289

      at CustomTableService.addRow (src/services/customTableService.ts:220:21)

    console.log
      [EntitlementService] Returning cached add row entitlement for user 69a2dc64828fd63bcd9bf27d

      at EntitlementService.canAddRow (src/services/entitlementService.ts:503:25)

    console.log
      [EntitlementService] Invalidated usage cache for owner 69a2dc64828fd63bcd9bf27d

      at EntitlementService.invalidateUsageCache (src/services/entitlementService.ts:315:17)

    console.log
      [CustomTableService] Added row 69a2dc65828fd63bcd9bfaea to table 69a2dc64828fd63bcd9bf289

      at CustomTableService.addRow (src/services/customTableService.ts:220:21)

    console.log
      [EntitlementService] Returning cached add row entitlement for user 69a2dc64828fd63bcd9bf27d

      at EntitlementService.canAddRow (src/services/entitlementService.ts:503:25)

    console.log
      [EntitlementService] Invalidated usage cache for owner 69a2dc64828fd63bcd9bf27d

      at EntitlementService.invalidateUsageCache (src/services/entitlementService.ts:315:17)

    console.log
      [CustomTableService] Added row 69a2dc65828fd63bcd9bfb2c to table 69a2dc64828fd63bcd9bf289

      at CustomTableService.addRow (src/services/customTableService.ts:220:21)

    console.log
      [EntitlementService] Returning cached add row entitlement for user 69a2dc64828fd63bcd9bf27d

      at EntitlementService.canAddRow (src/services/entitlementService.ts:503:25)

    console.log
      [EntitlementService] Invalidated usage cache for owner 69a2dc64828fd63bcd9bf27d

      at EntitlementService.invalidateUsageCache (src/services/entitlementService.ts:315:17)

    console.log
      [CustomTableService] Added row 69a2dc65828fd63bcd9bfb6f to table 69a2dc64828fd63bcd9bf289

      at CustomTableService.addRow (src/services/customTableService.ts:220:21)

    console.log
      [EntitlementService] Returning cached add row entitlement for user 69a2dc64828fd63bcd9bf27d

      at EntitlementService.canAddRow (src/services/entitlementService.ts:503:25)

    console.log
      [EntitlementService] Invalidated usage cache for owner 69a2dc64828fd63bcd9bf27d

      at EntitlementService.invalidateUsageCache (src/services/entitlementService.ts:315:17)

    console.log
      [CustomTableService] Added row 69a2dc65828fd63bcd9bfbb3 to table 69a2dc64828fd63bcd9bf289

      at CustomTableService.addRow (src/services/customTableService.ts:220:21)

    console.log
      [EntitlementService] Returning cached add row entitlement for user 69a2dc64828fd63bcd9bf27d

      at EntitlementService.canAddRow (src/services/entitlementService.ts:503:25)

    console.log
      [EntitlementService] Invalidated usage cache for owner 69a2dc64828fd63bcd9bf27d

      at EntitlementService.invalidateUsageCache (src/services/entitlementService.ts:315:17)

    console.log
      [CustomTableService] Added row 69a2dc65828fd63bcd9bfbf8 to table 69a2dc64828fd63bcd9bf289

      at CustomTableService.addRow (src/services/customTableService.ts:220:21)

    console.log
      [EntitlementService] Returning cached add row entitlement for user 69a2dc64828fd63bcd9bf27d

      at EntitlementService.canAddRow (src/services/entitlementService.ts:503:25)

    console.log
      [EntitlementService] Invalidated usage cache for owner 69a2dc64828fd63bcd9bf27d

      at EntitlementService.invalidateUsageCache (src/services/entitlementService.ts:315:17)

    console.log
      [CustomTableService] Added row 69a2dc65828fd63bcd9bfc3e to table 69a2dc64828fd63bcd9bf289

      at CustomTableService.addRow (src/services/customTableService.ts:220:21)

    console.log
      [EntitlementService] Returning cached add row entitlement for user 69a2dc64828fd63bcd9bf27d

      at EntitlementService.canAddRow (src/services/entitlementService.ts:503:25)

    console.log
      [EntitlementService] Invalidated usage cache for owner 69a2dc64828fd63bcd9bf27d

      at EntitlementService.invalidateUsageCache (src/services/entitlementService.ts:315:17)

    console.log
      [CustomTableService] Added row 69a2dc65828fd63bcd9bfc85 to table 69a2dc64828fd63bcd9bf289

      at CustomTableService.addRow (src/services/customTableService.ts:220:21)

    console.log
      [EntitlementService] Returning cached add row entitlement for user 69a2dc64828fd63bcd9bf27d

      at EntitlementService.canAddRow (src/services/entitlementService.ts:503:25)

    console.log
      [EntitlementService] Invalidated usage cache for owner 69a2dc64828fd63bcd9bf27d

      at EntitlementService.invalidateUsageCache (src/services/entitlementService.ts:315:17)

    console.log
      [CustomTableService] Added row 69a2dc65828fd63bcd9bfccd to table 69a2dc64828fd63bcd9bf289

      at CustomTableService.addRow (src/services/customTableService.ts:220:21)

    console.log
      [EntitlementService] Returning cached add row entitlement for user 69a2dc64828fd63bcd9bf27d

      at EntitlementService.canAddRow (src/services/entitlementService.ts:503:25)

    console.log
      [EntitlementService] Invalidated usage cache for owner 69a2dc64828fd63bcd9bf27d

      at EntitlementService.invalidateUsageCache (src/services/entitlementService.ts:315:17)

    console.log
      [CustomTableService] Added row 69a2dc65828fd63bcd9bfd16 to table 69a2dc64828fd63bcd9bf289

      at CustomTableService.addRow (src/services/customTableService.ts:220:21)

    console.log
      [EntitlementService] Returning cached add row entitlement for user 69a2dc64828fd63bcd9bf27d

      at EntitlementService.canAddRow (src/services/entitlementService.ts:503:25)

    console.log
      [EntitlementService] Invalidated usage cache for owner 69a2dc64828fd63bcd9bf27d

      at EntitlementService.invalidateUsageCache (src/services/entitlementService.ts:315:17)

    console.log
      [CustomTableService] Added row 69a2dc65828fd63bcd9bfd60 to table 69a2dc64828fd63bcd9bf289

      at CustomTableService.addRow (src/services/customTableService.ts:220:21)

    console.log
      [EntitlementService] Returning cached add row entitlement for user 69a2dc64828fd63bcd9bf27d

      at EntitlementService.canAddRow (src/services/entitlementService.ts:503:25)

    console.log
      [EntitlementService] Invalidated usage cache for owner 69a2dc64828fd63bcd9bf27d

      at EntitlementService.invalidateUsageCache (src/services/entitlementService.ts:315:17)

    console.log
      [CustomTableService] Added row 69a2dc65828fd63bcd9bfdab to table 69a2dc64828fd63bcd9bf289

      at CustomTableService.addRow (src/services/customTableService.ts:220:21)

    console.log
      [EntitlementService] Returning cached add row entitlement for user 69a2dc64828fd63bcd9bf27d

      at EntitlementService.canAddRow (src/services/entitlementService.ts:503:25)

    console.log
      [EntitlementService] Invalidated usage cache for owner 69a2dc64828fd63bcd9bf27d

      at EntitlementService.invalidateUsageCache (src/services/entitlementService.ts:315:17)

    console.log
      [CustomTableService] Added row 69a2dc65828fd63bcd9bfdf7 to table 69a2dc64828fd63bcd9bf289

      at CustomTableService.addRow (src/services/customTableService.ts:220:21)

    console.log
      [EntitlementService] Returning cached add row entitlement for user 69a2dc64828fd63bcd9bf27d

      at EntitlementService.canAddRow (src/services/entitlementService.ts:503:25)

    console.log
      [EntitlementService] Invalidated usage cache for owner 69a2dc64828fd63bcd9bf27d

      at EntitlementService.invalidateUsageCache (src/services/entitlementService.ts:315:17)

    console.log
      [CustomTableService] Added row 69a2dc65828fd63bcd9bfe44 to table 69a2dc64828fd63bcd9bf289

      at CustomTableService.addRow (src/services/customTableService.ts:220:21)

    console.log
      [EntitlementService] Returning cached add row entitlement for user 69a2dc64828fd63bcd9bf27d

      at EntitlementService.canAddRow (src/services/entitlementService.ts:503:25)

    console.log
      [EntitlementService] Invalidated usage cache for owner 69a2dc64828fd63bcd9bf27d

      at EntitlementService.invalidateUsageCache (src/services/entitlementService.ts:315:17)

    console.log
      [CustomTableService] Added row 69a2dc65828fd63bcd9bfe92 to table 69a2dc64828fd63bcd9bf289

      at CustomTableService.addRow (src/services/customTableService.ts:220:21)

    console.log
      [EntitlementService] Returning cached add row entitlement for user 69a2dc64828fd63bcd9bf27d

      at EntitlementService.canAddRow (src/services/entitlementService.ts:503:25)

    console.log
      [EntitlementService] Invalidated usage cache for owner 69a2dc64828fd63bcd9bf27d

      at EntitlementService.invalidateUsageCache (src/services/entitlementService.ts:315:17)

    console.log
      [CustomTableService] Added row 69a2dc65828fd63bcd9bfee1 to table 69a2dc64828fd63bcd9bf289

      at CustomTableService.addRow (src/services/customTableService.ts:220:21)

    console.log
      [EntitlementService] Returning cached add row entitlement for user 69a2dc64828fd63bcd9bf27d

      at EntitlementService.canAddRow (src/services/entitlementService.ts:503:25)

    console.log
      [EntitlementService] Invalidated usage cache for owner 69a2dc64828fd63bcd9bf27d

      at EntitlementService.invalidateUsageCache (src/services/entitlementService.ts:315:17)

    console.log
      [CustomTableService] Added row 69a2dc65828fd63bcd9bff31 to table 69a2dc64828fd63bcd9bf289

      at CustomTableService.addRow (src/services/customTableService.ts:220:21)

    console.log
      [EntitlementService] Returning cached add row entitlement for user 69a2dc64828fd63bcd9bf27d

      at EntitlementService.canAddRow (src/services/entitlementService.ts:503:25)

    console.log
      [EntitlementService] Invalidated usage cache for owner 69a2dc64828fd63bcd9bf27d

      at EntitlementService.invalidateUsageCache (src/services/entitlementService.ts:315:17)

    console.log
      [CustomTableService] Added row 69a2dc65828fd63bcd9bff82 to table 69a2dc64828fd63bcd9bf289

      at CustomTableService.addRow (src/services/customTableService.ts:220:21)

    console.log
      [EntitlementService] Returning cached add row entitlement for user 69a2dc64828fd63bcd9bf27d

      at EntitlementService.canAddRow (src/services/entitlementService.ts:503:25)

    console.log
      [EntitlementService] Invalidated usage cache for owner 69a2dc64828fd63bcd9bf27d

      at EntitlementService.invalidateUsageCache (src/services/entitlementService.ts:315:17)

    console.log
      [CustomTableService] Added row 69a2dc65828fd63bcd9bffd4 to table 69a2dc64828fd63bcd9bf289

      at CustomTableService.addRow (src/services/customTableService.ts:220:21)

    console.log
      [EntitlementService] Returning cached add row entitlement for user 69a2dc64828fd63bcd9bf27d

      at EntitlementService.canAddRow (src/services/entitlementService.ts:503:25)

    console.log
      [EntitlementService] Invalidated usage cache for owner 69a2dc64828fd63bcd9bf27d

      at EntitlementService.invalidateUsageCache (src/services/entitlementService.ts:315:17)

    console.log
      [CustomTableService] Added row 69a2dc65828fd63bcd9c0027 to table 69a2dc64828fd63bcd9bf289

      at CustomTableService.addRow (src/services/customTableService.ts:220:21)

    console.log
      [EntitlementService] Returning cached add row entitlement for user 69a2dc64828fd63bcd9bf27d

      at EntitlementService.canAddRow (src/services/entitlementService.ts:503:25)

    console.log
      [EntitlementService] Invalidated usage cache for owner 69a2dc64828fd63bcd9bf27d

      at EntitlementService.invalidateUsageCache (src/services/entitlementService.ts:315:17)

    console.log
      [CustomTableService] Added row 69a2dc65828fd63bcd9c007b to table 69a2dc64828fd63bcd9bf289

      at CustomTableService.addRow (src/services/customTableService.ts:220:21)

    console.log
      [EntitlementService] Returning cached add row entitlement for user 69a2dc64828fd63bcd9bf27d

      at EntitlementService.canAddRow (src/services/entitlementService.ts:503:25)

    console.log
      [EntitlementService] Invalidated usage cache for owner 69a2dc64828fd63bcd9bf27d

      at EntitlementService.invalidateUsageCache (src/services/entitlementService.ts:315:17)

    console.log
      [CustomTableService] Added row 69a2dc65828fd63bcd9c00d0 to table 69a2dc64828fd63bcd9bf289

      at CustomTableService.addRow (src/services/customTableService.ts:220:21)

    console.log
      [EntitlementService] Returning cached add row entitlement for user 69a2dc64828fd63bcd9bf27d

      at EntitlementService.canAddRow (src/services/entitlementService.ts:503:25)

    console.log
      [EntitlementService] Invalidated usage cache for owner 69a2dc64828fd63bcd9bf27d

      at EntitlementService.invalidateUsageCache (src/services/entitlementService.ts:315:17)

    console.log
      [CustomTableService] Added row 69a2dc65828fd63bcd9c0126 to table 69a2dc64828fd63bcd9bf289

      at CustomTableService.addRow (src/services/customTableService.ts:220:21)

    console.log
      [EntitlementService] Returning cached add row entitlement for user 69a2dc64828fd63bcd9bf27d

      at EntitlementService.canAddRow (src/services/entitlementService.ts:503:25)

    console.log
      [EntitlementService] Invalidated usage cache for owner 69a2dc64828fd63bcd9bf27d

      at EntitlementService.invalidateUsageCache (src/services/entitlementService.ts:315:17)

    console.log
      [CustomTableService] Added row 69a2dc65828fd63bcd9c017d to table 69a2dc64828fd63bcd9bf289

      at CustomTableService.addRow (src/services/customTableService.ts:220:21)

    console.log
      [EntitlementService] Returning cached add row entitlement for user 69a2dc64828fd63bcd9bf27d

      at EntitlementService.canAddRow (src/services/entitlementService.ts:503:25)

    console.log
      [EntitlementService] Invalidated usage cache for owner 69a2dc64828fd63bcd9bf27d

      at EntitlementService.invalidateUsageCache (src/services/entitlementService.ts:315:17)

    console.log
      [CustomTableService] Added row 69a2dc65828fd63bcd9c01d5 to table 69a2dc64828fd63bcd9bf289

      at CustomTableService.addRow (src/services/customTableService.ts:220:21)

    console.log
      [EntitlementService] Returning cached add row entitlement for user 69a2dc64828fd63bcd9bf27d

      at EntitlementService.canAddRow (src/services/entitlementService.ts:503:25)

    console.log
      [EntitlementService] Invalidated usage cache for owner 69a2dc64828fd63bcd9bf27d

      at EntitlementService.invalidateUsageCache (src/services/entitlementService.ts:315:17)

    console.log
      [CustomTableService] Added row 69a2dc65828fd63bcd9c022e to table 69a2dc64828fd63bcd9bf289

      at CustomTableService.addRow (src/services/customTableService.ts:220:21)

    console.log
      [EntitlementService] Returning cached add row entitlement for user 69a2dc64828fd63bcd9bf27d

      at EntitlementService.canAddRow (src/services/entitlementService.ts:503:25)

    console.log
      [EntitlementService] Invalidated usage cache for owner 69a2dc64828fd63bcd9bf27d

      at EntitlementService.invalidateUsageCache (src/services/entitlementService.ts:315:17)

    console.log
      [CustomTableService] Added row 69a2dc65828fd63bcd9c0288 to table 69a2dc64828fd63bcd9bf289

      at CustomTableService.addRow (src/services/customTableService.ts:220:21)

    console.log
      [EntitlementService] Returning cached add row entitlement for user 69a2dc64828fd63bcd9bf27d

      at EntitlementService.canAddRow (src/services/entitlementService.ts:503:25)

    console.log
      [EntitlementService] Invalidated usage cache for owner 69a2dc64828fd63bcd9bf27d

      at EntitlementService.invalidateUsageCache (src/services/entitlementService.ts:315:17)

    console.log
      [CustomTableService] Added row 69a2dc65828fd63bcd9c02e3 to table 69a2dc64828fd63bcd9bf289

      at CustomTableService.addRow (src/services/customTableService.ts:220:21)

    console.log
      [EntitlementService] Returning cached add row entitlement for user 69a2dc64828fd63bcd9bf27d

      at EntitlementService.canAddRow (src/services/entitlementService.ts:503:25)

    console.log
      [EntitlementService] Invalidated usage cache for owner 69a2dc64828fd63bcd9bf27d

      at EntitlementService.invalidateUsageCache (src/services/entitlementService.ts:315:17)

    console.log
      [CustomTableService] Added row 69a2dc65828fd63bcd9c033f to table 69a2dc64828fd63bcd9bf289

      at CustomTableService.addRow (src/services/customTableService.ts:220:21)

    console.log
      [EntitlementService] Returning cached add row entitlement for user 69a2dc64828fd63bcd9bf27d

      at EntitlementService.canAddRow (src/services/entitlementService.ts:503:25)

    console.log
      [EntitlementService] Invalidated usage cache for owner 69a2dc64828fd63bcd9bf27d

      at EntitlementService.invalidateUsageCache (src/services/entitlementService.ts:315:17)

    console.log
      [CustomTableService] Added row 69a2dc65828fd63bcd9c039c to table 69a2dc64828fd63bcd9bf289

      at CustomTableService.addRow (src/services/customTableService.ts:220:21)

    console.log
      [EntitlementService] Returning cached add row entitlement for user 69a2dc64828fd63bcd9bf27d

      at EntitlementService.canAddRow (src/services/entitlementService.ts:503:25)

    console.log
      [EntitlementService] Invalidated usage cache for owner 69a2dc64828fd63bcd9bf27d

      at EntitlementService.invalidateUsageCache (src/services/entitlementService.ts:315:17)

    console.log
      [CustomTableService] Added row 69a2dc65828fd63bcd9c03fa to table 69a2dc64828fd63bcd9bf289

      at CustomTableService.addRow (src/services/customTableService.ts:220:21)

    console.log
      [EntitlementService] Returning cached add row entitlement for user 69a2dc64828fd63bcd9bf27d

      at EntitlementService.canAddRow (src/services/entitlementService.ts:503:25)

    console.log
      [EntitlementService] Invalidated usage cache for owner 69a2dc64828fd63bcd9bf27d

      at EntitlementService.invalidateUsageCache (src/services/entitlementService.ts:315:17)

    console.log
      [CustomTableService] Added row 69a2dc65828fd63bcd9c0459 to table 69a2dc64828fd63bcd9bf289

      at CustomTableService.addRow (src/services/customTableService.ts:220:21)

    console.log
      [EntitlementService] Returning cached add row entitlement for user 69a2dc64828fd63bcd9bf27d

      at EntitlementService.canAddRow (src/services/entitlementService.ts:503:25)

    console.log
      [EntitlementService] Invalidated usage cache for owner 69a2dc64828fd63bcd9bf27d

      at EntitlementService.invalidateUsageCache (src/services/entitlementService.ts:315:17)

    console.log
      [CustomTableService] Added row 69a2dc65828fd63bcd9c04b9 to table 69a2dc64828fd63bcd9bf289

      at CustomTableService.addRow (src/services/customTableService.ts:220:21)

    console.log
      [EntitlementService] Returning cached add row entitlement for user 69a2dc64828fd63bcd9bf27d

      at EntitlementService.canAddRow (src/services/entitlementService.ts:503:25)

    console.log
      [EntitlementService] Invalidated usage cache for owner 69a2dc64828fd63bcd9bf27d

      at EntitlementService.invalidateUsageCache (src/services/entitlementService.ts:315:17)

    console.log
      [CustomTableService] Added row 69a2dc65828fd63bcd9c051a to table 69a2dc64828fd63bcd9bf289

      at CustomTableService.addRow (src/services/customTableService.ts:220:21)

    console.log
      [EntitlementService] Returning cached add row entitlement for user 69a2dc64828fd63bcd9bf27d

      at EntitlementService.canAddRow (src/services/entitlementService.ts:503:25)

    console.log
      [EntitlementService] Invalidated usage cache for owner 69a2dc64828fd63bcd9bf27d

      at EntitlementService.invalidateUsageCache (src/services/entitlementService.ts:315:17)

    console.log
      [CustomTableService] Added row 69a2dc65828fd63bcd9c057c to table 69a2dc64828fd63bcd9bf289

      at CustomTableService.addRow (src/services/customTableService.ts:220:21)

    console.log
      [EntitlementService] Returning cached add row entitlement for user 69a2dc64828fd63bcd9bf27d

      at EntitlementService.canAddRow (src/services/entitlementService.ts:503:25)

    console.log
      [EntitlementService] Invalidated usage cache for owner 69a2dc64828fd63bcd9bf27d

      at EntitlementService.invalidateUsageCache (src/services/entitlementService.ts:315:17)

    console.log
      [CustomTableService] Added row 69a2dc65828fd63bcd9c05df to table 69a2dc64828fd63bcd9bf289

      at CustomTableService.addRow (src/services/customTableService.ts:220:21)

    console.log
      [EntitlementService] Returning cached add row entitlement for user 69a2dc64828fd63bcd9bf27d

      at EntitlementService.canAddRow (src/services/entitlementService.ts:503:25)

    console.log
      [EntitlementService] Invalidated usage cache for owner 69a2dc64828fd63bcd9bf27d

      at EntitlementService.invalidateUsageCache (src/services/entitlementService.ts:315:17)

    console.log
      [CustomTableService] Added row 69a2dc65828fd63bcd9c0643 to table 69a2dc64828fd63bcd9bf289

      at CustomTableService.addRow (src/services/customTableService.ts:220:21)

    console.log
      [EntitlementService] Returning cached add row entitlement for user 69a2dc64828fd63bcd9bf27d

      at EntitlementService.canAddRow (src/services/entitlementService.ts:503:25)

    console.log
      [EntitlementService] Invalidated usage cache for owner 69a2dc64828fd63bcd9bf27d

      at EntitlementService.invalidateUsageCache (src/services/entitlementService.ts:315:17)

    console.log
      [CustomTableService] Added row 69a2dc65828fd63bcd9c06a8 to table 69a2dc64828fd63bcd9bf289

      at CustomTableService.addRow (src/services/customTableService.ts:220:21)

    console.log
      [EntitlementService] Returning cached add row entitlement for user 69a2dc64828fd63bcd9bf27d

      at EntitlementService.canAddRow (src/services/entitlementService.ts:503:25)

    console.log
      [EntitlementService] Invalidated usage cache for owner 69a2dc64828fd63bcd9bf27d

      at EntitlementService.invalidateUsageCache (src/services/entitlementService.ts:315:17)

    console.log
      [CustomTableService] Added row 69a2dc65828fd63bcd9c070e to table 69a2dc64828fd63bcd9bf289

      at CustomTableService.addRow (src/services/customTableService.ts:220:21)

    console.log
      [EntitlementService] Calculating total usage for owner: 69a2dc64828fd63bcd9bf27d

      at EntitlementService.getTotalUsage (src/services/entitlementService.ts:50:21)

    console.log
      [EntitlementService] Total usage for owner 69a2dc64828fd63bcd9bf27d: {
        totalWorkspaces: 1,
        totalSpaces: 1,
        totalLists: 0,
        totalFolders: 0,
        totalTasks: 0,
        totalTables: 1,
        totalRows: 100
      }

      at EntitlementService.getTotalUsage (src/services/entitlementService.ts:275:21)

    console.log
      [EntitlementService] Invalidated usage cache for owner 69a2dc64828fd63bcd9bf27d

      at EntitlementService.invalidateUsageCache (src/services/entitlementService.ts:315:17)

    console.log
      [EntitlementService] Returning cached add row entitlement for user 69a2dc64828fd63bcd9bf27d

      at EntitlementService.canAddRow (src/services/entitlementService.ts:503:25)

    console.log
      [EntitlementService] Invalidated usage cache for owner 69a2dc64828fd63bcd9bf27d

      at EntitlementService.invalidateUsageCache (src/services/entitlementService.ts:315:17)

    console.log
      [CustomTableService] Added row 69a2dc65828fd63bcd9c0778 to table 69a2dc64828fd63bcd9bf289

      at CustomTableService.addRow (src/services/customTableService.ts:220:21)

    console.log
      [EntitlementService] Invalidated usage cache for owner 69a2dc64828fd63bcd9bf27d

      at EntitlementService.invalidateUsageCache (src/services/entitlementService.ts:315:17)

    console.log
      [EntitlementService] Invalidated usage cache for owner 69a2dc65828fd63bcd9c07e4

      at EntitlementService.invalidateUsageCache (src/services/entitlementService.ts:315:17)

    console.log
      [EntitlementService] Invalidated usage cache for owner 69a2dc65828fd63bcd9c07e4

      at EntitlementService.invalidateUsageCache (src/services/entitlementService.ts:315:17)

    console.log
      [EntitlementService] Invalidated usage cache for owner 69a2dc65828fd63bcd9c07f2

      at EntitlementService.invalidateUsageCache (src/services/entitlementService.ts:315:17)

    console.log
      [EntitlementService] Invalidated usage cache for owner 69a2dc65828fd63bcd9c07f2

      at EntitlementService.invalidateUsageCache (src/services/entitlementService.ts:315:17)

    console.log
      [CustomTableService] Created table 69a2dc65828fd63bcd9c07fd in space 69a2dc65828fd63bcd9c07f7

      at CustomTableService.createTable (src/services/customTableService.ts:56:21)

    console.log
      [EntitlementService] Returning cached create table entitlement for user 69a2dc65828fd63bcd9c07f2

      at EntitlementService.canCreateTable (src/services/entitlementService.ts:420:25)

    console.log
      [EntitlementService] Invalidated usage cache for owner 69a2dc65828fd63bcd9c07f2

      at EntitlementService.invalidateUsageCache (src/services/entitlementService.ts:315:17)

    console.log
      [CustomTableService] Created table 69a2dc65828fd63bcd9c0800 in space 69a2dc65828fd63bcd9c07f7

      at CustomTableService.createTable (src/services/customTableService.ts:56:21)

    console.log
      [EntitlementService] Returning cached create table entitlement for user 69a2dc65828fd63bcd9c07f2

      at EntitlementService.canCreateTable (src/services/entitlementService.ts:420:25)

    console.log
      [EntitlementService] Invalidated usage cache for owner 69a2dc65828fd63bcd9c07f2

      at EntitlementService.invalidateUsageCache (src/services/entitlementService.ts:315:17)

    console.log
      [CustomTableService] Created table 69a2dc65828fd63bcd9c0803 in space 69a2dc65828fd63bcd9c07f7

      at CustomTableService.createTable (src/services/customTableService.ts:56:21)

    console.log
      [EntitlementService] Returning cached create table entitlement for user 69a2dc65828fd63bcd9c07f2

      at EntitlementService.canCreateTable (src/services/entitlementService.ts:420:25)

    console.log
      [EntitlementService] Invalidated usage cache for owner 69a2dc65828fd63bcd9c07f2

      at EntitlementService.invalidateUsageCache (src/services/entitlementService.ts:315:17)

    console.log
      [CustomTableService] Created table 69a2dc65828fd63bcd9c0806 in space 69a2dc65828fd63bcd9c07f7

      at CustomTableService.createTable (src/services/customTableService.ts:56:21)

    console.log
      [EntitlementService] Returning cached create table entitlement for user 69a2dc65828fd63bcd9c07f2

      at EntitlementService.canCreateTable (src/services/entitlementService.ts:420:25)

    console.log
      [EntitlementService] Invalidated usage cache for owner 69a2dc65828fd63bcd9c07f2

      at EntitlementService.invalidateUsageCache (src/services/entitlementService.ts:315:17)

    console.log
      [CustomTableService] Created table 69a2dc65828fd63bcd9c0809 in space 69a2dc65828fd63bcd9c07f7

      at CustomTableService.createTable (src/services/customTableService.ts:56:21)

    console.log
      [EntitlementService] Returning cached create table entitlement for user 69a2dc65828fd63bcd9c07f2

      at EntitlementService.canCreateTable (src/services/entitlementService.ts:420:25)

    console.log
      [EntitlementService] Invalidated usage cache for owner 69a2dc65828fd63bcd9c07f2

      at EntitlementService.invalidateUsageCache (src/services/entitlementService.ts:315:17)

    console.log
      [CustomTableService] Created table 69a2dc66828fd63bcd9c080c in space 69a2dc65828fd63bcd9c07f7

      at CustomTableService.createTable (src/services/customTableService.ts:56:21)

    console.log
      [EntitlementService] Returning cached create table entitlement for user 69a2dc65828fd63bcd9c07f2

      at EntitlementService.canCreateTable (src/services/entitlementService.ts:420:25)

    console.log
      [EntitlementService] Invalidated usage cache for owner 69a2dc65828fd63bcd9c07f2

      at EntitlementService.invalidateUsageCache (src/services/entitlementService.ts:315:17)

    console.log
      [CustomTableService] Created table 69a2dc66828fd63bcd9c080f in space 69a2dc65828fd63bcd9c07f7

      at CustomTableService.createTable (src/services/customTableService.ts:56:21)

    console.log
      [EntitlementService] Returning cached create table entitlement for user 69a2dc65828fd63bcd9c07f2

      at EntitlementService.canCreateTable (src/services/entitlementService.ts:420:25)

    console.log
      [EntitlementService] Invalidated usage cache for owner 69a2dc65828fd63bcd9c07f2

      at EntitlementService.invalidateUsageCache (src/services/entitlementService.ts:315:17)

    console.log
      [CustomTableService] Created table 69a2dc66828fd63bcd9c0812 in space 69a2dc65828fd63bcd9c07f7

      at CustomTableService.createTable (src/services/customTableService.ts:56:21)

    console.log
      [EntitlementService] Returning cached create table entitlement for user 69a2dc65828fd63bcd9c07f2

      at EntitlementService.canCreateTable (src/services/entitlementService.ts:420:25)

    console.log
      [EntitlementService] Invalidated usage cache for owner 69a2dc65828fd63bcd9c07f2

      at EntitlementService.invalidateUsageCache (src/services/entitlementService.ts:315:17)

    console.log
      [CustomTableService] Created table 69a2dc66828fd63bcd9c0815 in space 69a2dc65828fd63bcd9c07f7

      at CustomTableService.createTable (src/services/customTableService.ts:56:21)

    console.log
      [EntitlementService] Returning cached create table entitlement for user 69a2dc65828fd63bcd9c07f2

      at EntitlementService.canCreateTable (src/services/entitlementService.ts:420:25)

    console.log
      [EntitlementService] Invalidated usage cache for owner 69a2dc65828fd63bcd9c07f2

      at EntitlementService.invalidateUsageCache (src/services/entitlementService.ts:315:17)

    console.log
      [CustomTableService] Created table 69a2dc66828fd63bcd9c0818 in space 69a2dc65828fd63bcd9c07f7

      at CustomTableService.createTable (src/services/customTableService.ts:56:21)

    console.log
      [EntitlementService] Returning cached create table entitlement for user 69a2dc65828fd63bcd9c07f2

      at EntitlementService.canCreateTable (src/services/entitlementService.ts:420:25)

    console.log
      [EntitlementService] Invalidated usage cache for owner 69a2dc65828fd63bcd9c07f2

      at EntitlementService.invalidateUsageCache (src/services/entitlementService.ts:315:17)

    console.log
      [CustomTableService] Created table 69a2dc66828fd63bcd9c081b in space 69a2dc65828fd63bcd9c07f7

      at CustomTableService.createTable (src/services/customTableService.ts:56:21)

    console.log
      [EntitlementService] Returning cached create table entitlement for user 69a2dc65828fd63bcd9c07f2

      at EntitlementService.canCreateTable (src/services/entitlementService.ts:420:25)

    console.log
      [EntitlementService] Invalidated usage cache for owner 69a2dc65828fd63bcd9c07f2

      at EntitlementService.invalidateUsageCache (src/services/entitlementService.ts:315:17)

    console.log
      [CustomTableService] Created table 69a2dc66828fd63bcd9c081e in space 69a2dc65828fd63bcd9c07f7

      at CustomTableService.createTable (src/services/customTableService.ts:56:21)

    console.log
      [EntitlementService] Returning cached create table entitlement for user 69a2dc65828fd63bcd9c07f2

      at EntitlementService.canCreateTable (src/services/entitlementService.ts:420:25)

    console.log
      [EntitlementService] Invalidated usage cache for owner 69a2dc65828fd63bcd9c07f2

      at EntitlementService.invalidateUsageCache (src/services/entitlementService.ts:315:17)

    console.log
      [CustomTableService] Created table 69a2dc66828fd63bcd9c0821 in space 69a2dc65828fd63bcd9c07f7

      at CustomTableService.createTable (src/services/customTableService.ts:56:21)

    console.log
      [EntitlementService] Returning cached create table entitlement for user 69a2dc65828fd63bcd9c07f2

      at EntitlementService.canCreateTable (src/services/entitlementService.ts:420:25)

    console.log
      [EntitlementService] Invalidated usage cache for owner 69a2dc65828fd63bcd9c07f2

      at EntitlementService.invalidateUsageCache (src/services/entitlementService.ts:315:17)

    console.log
      [CustomTableService] Created table 69a2dc66828fd63bcd9c0824 in space 69a2dc65828fd63bcd9c07f7

      at CustomTableService.createTable (src/services/customTableService.ts:56:21)

    console.log
      [EntitlementService] Returning cached create table entitlement for user 69a2dc65828fd63bcd9c07f2

      at EntitlementService.canCreateTable (src/services/entitlementService.ts:420:25)

    console.log
      [EntitlementService] Invalidated usage cache for owner 69a2dc65828fd63bcd9c07f2

      at EntitlementService.invalidateUsageCache (src/services/entitlementService.ts:315:17)

    console.log
      [CustomTableService] Created table 69a2dc66828fd63bcd9c0827 in space 69a2dc65828fd63bcd9c07f7

      at CustomTableService.createTable (src/services/customTableService.ts:56:21)

    console.log
      [EntitlementService] Returning cached create table entitlement for user 69a2dc65828fd63bcd9c07f2

      at EntitlementService.canCreateTable (src/services/entitlementService.ts:420:25)

    console.log
      [EntitlementService] Invalidated usage cache for owner 69a2dc65828fd63bcd9c07f2

      at EntitlementService.invalidateUsageCache (src/services/entitlementService.ts:315:17)

    console.log
      [CustomTableService] Created table 69a2dc66828fd63bcd9c082a in space 69a2dc65828fd63bcd9c07f7

      at CustomTableService.createTable (src/services/customTableService.ts:56:21)

    console.log
      [EntitlementService] Returning cached create table entitlement for user 69a2dc65828fd63bcd9c07f2

      at EntitlementService.canCreateTable (src/services/entitlementService.ts:420:25)

    console.log
      [EntitlementService] Invalidated usage cache for owner 69a2dc65828fd63bcd9c07f2

      at EntitlementService.invalidateUsageCache (src/services/entitlementService.ts:315:17)

    console.log
      [CustomTableService] Created table 69a2dc66828fd63bcd9c082d in space 69a2dc65828fd63bcd9c07f7

      at CustomTableService.createTable (src/services/customTableService.ts:56:21)

    console.log
      [EntitlementService] Returning cached create table entitlement for user 69a2dc65828fd63bcd9c07f2

      at EntitlementService.canCreateTable (src/services/entitlementService.ts:420:25)

    console.log
      [EntitlementService] Invalidated usage cache for owner 69a2dc65828fd63bcd9c07f2

      at EntitlementService.invalidateUsageCache (src/services/entitlementService.ts:315:17)

    console.log
      [CustomTableService] Created table 69a2dc66828fd63bcd9c0830 in space 69a2dc65828fd63bcd9c07f7

      at CustomTableService.createTable (src/services/customTableService.ts:56:21)

    console.log
      [EntitlementService] Returning cached create table entitlement for user 69a2dc65828fd63bcd9c07f2

      at EntitlementService.canCreateTable (src/services/entitlementService.ts:420:25)

    console.log
      [EntitlementService] Invalidated usage cache for owner 69a2dc65828fd63bcd9c07f2

      at EntitlementService.invalidateUsageCache (src/services/entitlementService.ts:315:17)

    console.log
      [CustomTableService] Created table 69a2dc66828fd63bcd9c0833 in space 69a2dc65828fd63bcd9c07f7

      at CustomTableService.createTable (src/services/customTableService.ts:56:21)

    console.log
      [EntitlementService] Returning cached create table entitlement for user 69a2dc65828fd63bcd9c07f2

      at EntitlementService.canCreateTable (src/services/entitlementService.ts:420:25)

    console.log
      [EntitlementService] Invalidated usage cache for owner 69a2dc65828fd63bcd9c07f2

      at EntitlementService.invalidateUsageCache (src/services/entitlementService.ts:315:17)

    console.log
      [CustomTableService] Created table 69a2dc66828fd63bcd9c0836 in space 69a2dc65828fd63bcd9c07f7

      at CustomTableService.createTable (src/services/customTableService.ts:56:21)

    console.log
      [EntitlementService] Calculating total usage for owner: 69a2dc65828fd63bcd9c07f2

      at EntitlementService.getTotalUsage (src/services/entitlementService.ts:50:21)

    console.log
      [EntitlementService] Total usage for owner 69a2dc65828fd63bcd9c07f2: {
        totalWorkspaces: 1,
        totalSpaces: 1,
        totalLists: 0,
        totalFolders: 0,
        totalTasks: 0,
        totalTables: 20,
        totalRows: 0
      }

      at EntitlementService.getTotalUsage (src/services/entitlementService.ts:275:21)

    console.log
      [EntitlementService] Returning cached create table entitlement for user 69a2dc65828fd63bcd9c07f2

      at EntitlementService.canCreateTable (src/services/entitlementService.ts:420:25)

    console.log
      [EntitlementService] Invalidated usage cache for owner 69a2dc65828fd63bcd9c07f2

      at EntitlementService.invalidateUsageCache (src/services/entitlementService.ts:315:17)

    console.log
      [EntitlementService] Calculating total usage for owner: 69a2dc66828fd63bcd9c083e

      at EntitlementService.getTotalUsage (src/services/entitlementService.ts:50:21)

    console.log
      [EntitlementService] Total usage for owner 69a2dc66828fd63bcd9c083e: {
        totalWorkspaces: 2,
        totalSpaces: 2,
        totalLists: 0,
        totalFolders: 0,
        totalTasks: 0,
        totalTables: 0,
        totalRows: 0
      }

      at EntitlementService.getTotalUsage (src/services/entitlementService.ts:275:21)

    console.log
      [EntitlementService] Invalidated usage cache for owner 69a2dc66828fd63bcd9c083e

      at EntitlementService.invalidateUsageCache (src/services/entitlementService.ts:315:17)

    console.log
      [CustomTableService] Created table 69a2dc66828fd63bcd9c084f in space 69a2dc66828fd63bcd9c0843

      at CustomTableService.createTable (src/services/customTableService.ts:56:21)

    console.log
      [EntitlementService] Returning cached create table entitlement for user 69a2dc66828fd63bcd9c083e

      at EntitlementService.canCreateTable (src/services/entitlementService.ts:420:25)

    console.log
      [EntitlementService] Invalidated usage cache for owner 69a2dc66828fd63bcd9c083e

      at EntitlementService.invalidateUsageCache (src/services/entitlementService.ts:315:17)

    console.log
      [CustomTableService] Created table 69a2dc66828fd63bcd9c0852 in space 69a2dc66828fd63bcd9c0843

      at CustomTableService.createTable (src/services/customTableService.ts:56:21)

    console.log
      [EntitlementService] Returning cached create table entitlement for user 69a2dc66828fd63bcd9c083e

      at EntitlementService.canCreateTable (src/services/entitlementService.ts:420:25)

    console.log
      [EntitlementService] Invalidated usage cache for owner 69a2dc66828fd63bcd9c083e

      at EntitlementService.invalidateUsageCache (src/services/entitlementService.ts:315:17)

    console.log
      [CustomTableService] Created table 69a2dc66828fd63bcd9c0855 in space 69a2dc66828fd63bcd9c0843

      at CustomTableService.createTable (src/services/customTableService.ts:56:21)

    console.log
      [EntitlementService] Returning cached create table entitlement for user 69a2dc66828fd63bcd9c083e

      at EntitlementService.canCreateTable (src/services/entitlementService.ts:420:25)

    console.log
      [EntitlementService] Invalidated usage cache for owner 69a2dc66828fd63bcd9c083e

      at EntitlementService.invalidateUsageCache (src/services/entitlementService.ts:315:17)

    console.log
      [CustomTableService] Created table 69a2dc66828fd63bcd9c0858 in space 69a2dc66828fd63bcd9c0843

      at CustomTableService.createTable (src/services/customTableService.ts:56:21)

    console.log
      [EntitlementService] Returning cached create table entitlement for user 69a2dc66828fd63bcd9c083e

      at EntitlementService.canCreateTable (src/services/entitlementService.ts:420:25)

    console.log
      [EntitlementService] Invalidated usage cache for owner 69a2dc66828fd63bcd9c083e

      at EntitlementService.invalidateUsageCache (src/services/entitlementService.ts:315:17)

    console.log
      [CustomTableService] Created table 69a2dc66828fd63bcd9c085b in space 69a2dc66828fd63bcd9c0843

      at CustomTableService.createTable (src/services/customTableService.ts:56:21)

    console.log
      [EntitlementService] Returning cached create table entitlement for user 69a2dc66828fd63bcd9c083e

      at EntitlementService.canCreateTable (src/services/entitlementService.ts:420:25)

    console.log
      [EntitlementService] Invalidated usage cache for owner 69a2dc66828fd63bcd9c083e

      at EntitlementService.invalidateUsageCache (src/services/entitlementService.ts:315:17)

    console.log
      [CustomTableService] Created table 69a2dc66828fd63bcd9c085e in space 69a2dc66828fd63bcd9c0848

      at CustomTableService.createTable (src/services/customTableService.ts:56:21)

    console.log
      [EntitlementService] Returning cached create table entitlement for user 69a2dc66828fd63bcd9c083e

      at EntitlementService.canCreateTable (src/services/entitlementService.ts:420:25)

    console.log
      [EntitlementService] Invalidated usage cache for owner 69a2dc66828fd63bcd9c083e

      at EntitlementService.invalidateUsageCache (src/services/entitlementService.ts:315:17)

    console.log
      [CustomTableService] Created table 69a2dc66828fd63bcd9c0861 in space 69a2dc66828fd63bcd9c0848

      at CustomTableService.createTable (src/services/customTableService.ts:56:21)

    console.log
      [EntitlementService] Returning cached create table entitlement for user 69a2dc66828fd63bcd9c083e

      at EntitlementService.canCreateTable (src/services/entitlementService.ts:420:25)

    console.log
      [EntitlementService] Invalidated usage cache for owner 69a2dc66828fd63bcd9c083e

      at EntitlementService.invalidateUsageCache (src/services/entitlementService.ts:315:17)

    console.log
      [CustomTableService] Created table 69a2dc66828fd63bcd9c0864 in space 69a2dc66828fd63bcd9c0848

      at CustomTableService.createTable (src/services/customTableService.ts:56:21)

    console.log
      [EntitlementService] Returning cached create table entitlement for user 69a2dc66828fd63bcd9c083e

      at EntitlementService.canCreateTable (src/services/entitlementService.ts:420:25)

    console.log
      [EntitlementService] Invalidated usage cache for owner 69a2dc66828fd63bcd9c083e

      at EntitlementService.invalidateUsageCache (src/services/entitlementService.ts:315:17)

    console.log
      [CustomTableService] Created table 69a2dc66828fd63bcd9c0867 in space 69a2dc66828fd63bcd9c0848

      at CustomTableService.createTable (src/services/customTableService.ts:56:21)

    console.log
      [EntitlementService] Returning cached create table entitlement for user 69a2dc66828fd63bcd9c083e

      at EntitlementService.canCreateTable (src/services/entitlementService.ts:420:25)

    console.log
      [EntitlementService] Invalidated usage cache for owner 69a2dc66828fd63bcd9c083e

      at EntitlementService.invalidateUsageCache (src/services/entitlementService.ts:315:17)

    console.log
      [CustomTableService] Created table 69a2dc66828fd63bcd9c086a in space 69a2dc66828fd63bcd9c0848

      at CustomTableService.createTable (src/services/customTableService.ts:56:21)

    console.log
      [EntitlementService] Calculating total usage for owner: 69a2dc66828fd63bcd9c083e

      at EntitlementService.getTotalUsage (src/services/entitlementService.ts:50:21)

    console.log
      [EntitlementService] Total usage for owner 69a2dc66828fd63bcd9c083e: {
        totalWorkspaces: 2,
        totalSpaces: 2,
        totalLists: 0,
        totalFolders: 0,
        totalTasks: 0,
        totalTables: 10,
        totalRows: 0
      }

      at EntitlementService.getTotalUsage (src/services/entitlementService.ts:275:21)

    console.log
      [EntitlementService] Returning cached create table entitlement for user 69a2dc66828fd63bcd9c083e

      at EntitlementService.canCreateTable (src/services/entitlementService.ts:420:25)

    console.log
      [EntitlementService] Invalidated usage cache for owner 69a2dc66828fd63bcd9c083e

      at EntitlementService.invalidateUsageCache (src/services/entitlementService.ts:315:17)

    console.log
      [CustomTableService] Created table 69a2dc66828fd63bcd9c086f in space 69a2dc66828fd63bcd9c0843

      at CustomTableService.createTable (src/services/customTableService.ts:56:21)

    console.log
      [EntitlementService] Invalidated usage cache for owner 69a2dc66828fd63bcd9c083e

      at EntitlementService.invalidateUsageCache (src/services/entitlementService.ts:315:17)

    console.log
      [EntitlementService] Calculating total usage for owner: 69a2dc66828fd63bcd9c0875

      at EntitlementService.getTotalUsage (src/services/entitlementService.ts:50:21)

    console.log
      [EntitlementService] Total usage for owner 69a2dc66828fd63bcd9c0875: {
        totalWorkspaces: 1,
        totalSpaces: 1,
        totalLists: 0,
        totalFolders: 0,
        totalTasks: 0,
        totalTables: 0,
        totalRows: 0
      }

      at EntitlementService.getTotalUsage (src/services/entitlementService.ts:275:21)

    console.log
      [EntitlementService] Invalidated usage cache for owner 69a2dc66828fd63bcd9c0875

      at EntitlementService.invalidateUsageCache (src/services/entitlementService.ts:315:17)

    console.log
      [CustomTableService] Created table 69a2dc66828fd63bcd9c0888 in space 69a2dc66828fd63bcd9c0881

      at CustomTableService.createTable (src/services/customTableService.ts:56:21)

    console.log
      [EntitlementService] Calculating total usage for owner: 69a2dc66828fd63bcd9c0875

      at EntitlementService.getTotalUsage (src/services/entitlementService.ts:50:21)

    console.log
      [EntitlementService] Total usage for owner 69a2dc66828fd63bcd9c0875: {
        totalWorkspaces: 1,
        totalSpaces: 1,
        totalLists: 0,
        totalFolders: 0,
        totalTasks: 0,
        totalTables: 1,
        totalRows: 0
      }

      at EntitlementService.getTotalUsage (src/services/entitlementService.ts:275:21)

    console.log
      [EntitlementService] Invalidated usage cache for owner 69a2dc66828fd63bcd9c0875

      at EntitlementService.invalidateUsageCache (src/services/entitlementService.ts:315:17)

    console.log
      [CustomTableService] Added row 69a2dc66828fd63bcd9c0891 to table 69a2dc66828fd63bcd9c0888

      at CustomTableService.addRow (src/services/customTableService.ts:220:21)

    console.log
      [CustomTableService] Updated cell color in table 69a2dc66828fd63bcd9c0888, row 69a2dc66828fd63bcd9c0891, column 
col2

      at CustomTableService.updateCellColor (src/services/customTableService.ts:343:21)

    console.log
      [EntitlementService] Returning cached add row entitlement for user 69a2dc66828fd63bcd9c0875

      at EntitlementService.canAddRow (src/services/entitlementService.ts:503:25)

    console.log
      [EntitlementService] Invalidated usage cache for owner 69a2dc66828fd63bcd9c0875

      at EntitlementService.invalidateUsageCache (src/services/entitlementService.ts:315:17)

    console.log
      [CustomTableService] Added row 69a2dc66828fd63bcd9c089e to table 69a2dc66828fd63bcd9c0888

      at CustomTableService.addRow (src/services/customTableService.ts:220:21)

    console.log
      [CustomTableService] Updated cell color in table 69a2dc66828fd63bcd9c0888, row 69a2dc66828fd63bcd9c089e, column 
col2

      at CustomTableService.updateCellColor (src/services/customTableService.ts:343:21)

    console.log
      [EntitlementService] Returning cached add row entitlement for user 69a2dc66828fd63bcd9c0875

      at EntitlementService.canAddRow (src/services/entitlementService.ts:503:25)

    console.log
      [EntitlementService] Invalidated usage cache for owner 69a2dc66828fd63bcd9c0875

      at EntitlementService.invalidateUsageCache (src/services/entitlementService.ts:315:17)

    console.log
      [CustomTableService] Added row 69a2dc66828fd63bcd9c08ad to table 69a2dc66828fd63bcd9c0888

      at CustomTableService.addRow (src/services/customTableService.ts:220:21)

    console.log
      [CustomTableService] Updated cell color in table 69a2dc66828fd63bcd9c0888, row 69a2dc66828fd63bcd9c08ad, column 
col2

      at CustomTableService.updateCellColor (src/services/customTableService.ts:343:21)

    console.log
      [ExcelExportService] Exported table 69a2dc66828fd63bcd9c0888 to Excel

      at ExcelExportService.exportTableToExcel (src/services/excelExportService.ts:102:21)

    console.log
      [EntitlementService] Calculating total usage for owner: 69a2dc66828fd63bcd9c0875

      at EntitlementService.getTotalUsage (src/services/entitlementService.ts:50:21)

    console.log
      [EntitlementService] Total usage for owner 69a2dc66828fd63bcd9c0875: {
        totalWorkspaces: 1,
        totalSpaces: 1,
        totalLists: 0,
        totalFolders: 0,
        totalTasks: 0,
        totalTables: 1,
        totalRows: 3
      }

      at EntitlementService.getTotalUsage (src/services/entitlementService.ts:275:21)

    console.log
      [EntitlementService] Invalidated usage cache for owner 69a2dc66828fd63bcd9c0875

      at EntitlementService.invalidateUsageCache (src/services/entitlementService.ts:315:17)

    console.log
      [EntitlementService] Invalidated usage cache for owner 69a2dc66828fd63bcd9c08d6

      at EntitlementService.invalidateUsageCache (src/services/entitlementService.ts:315:17)

    console.error
      [CustomTableService] Error creating table: Error: Custom tables feature is not available in your current plan
          at CustomTableService.createTable 
(C:\Users\dell\OneDrive\Desktop\clickup-prototype\backend\src\services\customTableService.ts:42:23)
          at processTicksAndRejections (node:internal/process/task_queues:105:5)
          at Object.<anonymous> 
(C:\Users\dell\OneDrive\Desktop\clickup-prototype\backend\src\__tests__\integration\completeWorkflows.test.ts:819:7)

    [0m [90m 57 |[39m             [36mreturn[39m table[33m;[39m
     [90m 58 |[39m         } [36mcatch[39m (error) {
    [31m[1m>[22m[39m[90m 59 |[39m             console[33m.[39merror([32m`[CustomTableService] Error creating 
table:`[39m[33m,[39m error)[33m;[39m
     [90m    |[39m                     [31m[1m^[22m[39m
     [90m 60 |[39m             [36mthrow[39m error[33m;[39m
     [90m 61 |[39m         }
     [90m 62 |[39m     }[0m

      at CustomTableService.createTable (src/services/customTableService.ts:59:21)
      at Object.<anonymous> (src/__tests__/integration/completeWorkflows.test.ts:819:7)

    console.log
      [EntitlementService] Invalidated usage cache for owner 69a2dc66828fd63bcd9c08d6

      at EntitlementService.invalidateUsageCache (src/services/entitlementService.ts:315:17)

    console.log
      [EntitlementService] Returning cached custom roles entitlement for user 69a2dc66828fd63bcd9c08d6

      at EntitlementService.canUseCustomRoles (src/services/entitlementService.ts:367:25)

    console.log
      [EntitlementService] Invalidated usage cache for owner 69a2dc66828fd63bcd9c08d6

      at EntitlementService.invalidateUsageCache (src/services/entitlementService.ts:315:17)

  ΓùÅ Complete Workflows Integration Tests ΓÇ║ Entitlement Enforcement Across All Features ΓÇ║ should enforce table 
creation limit

    expect(received).rejects.toThrow()

    Received promise resolved instead of rejected
    Resolved to value: {"__v": 0, "_id": "69a2dc64828fd63bcd9bf277", "columns": [], "createdAt": 
2026-02-28T12:15:32.603Z, "isDeleted": false, "name": "Table 11", "rows": [], "spaceId": "69a2dc63828fd63bcd9bf24d", 
"updatedAt": 2026-02-28T12:15:32.603Z}

    [0m [90m 519 |[39m
     [90m 520 |[39m       [90m// Try to create 11th table - should fail[39m
    [31m[1m>[22m[39m[90m 521 |[39m       [36mawait[39m expect(
     [90m     |[39m             [31m[1m^[22m[39m
     [90m 522 |[39m         customTableService[33m.[39mcreateTable(
     [90m 523 |[39m           space[33m.[39m_id[33m.[39mtoString()[33m,[39m
     [90m 524 |[39m           [32m'Table 11'[39m[33m,[39m[0m

      at expect (node_modules/expect/build/index.js:2116:15)
      at Object.<anonymous> (src/__tests__/integration/completeWorkflows.test.ts:521:13)

  ΓùÅ Complete Workflows Integration Tests ΓÇ║ Entitlement Enforcement Across All Features ΓÇ║ should enforce row 
limit across all tables

    expect(received).rejects.toThrow()

    Received promise resolved instead of rejected
    Resolved to value: {"rowId": "69a2dc65828fd63bcd9c0778", "table": {"__v": 0, "_id": "69a2dc64828fd63bcd9bf289", 
"columns": [], "createdAt": 2026-02-28T12:15:32.656Z, "isDeleted": false, "name": "Test Table", "rows": [{"_id": 
"69a2dc64828fd63bcd9bf290", "colors": {}, "data": {}, "id": "69a2dc64828fd63bcd9bf28f"}, {"_id": 
"69a2dc64828fd63bcd9bf294", "colors": {}, "data": {}, "id": "69a2dc64828fd63bcd9bf293"}, {"_id": 
"69a2dc64828fd63bcd9bf299", "colors": {}, "data": {}, "id": "69a2dc64828fd63bcd9bf298"}, {"_id": 
"69a2dc64828fd63bcd9bf29f", "colors": {}, "data": {}, "id": "69a2dc64828fd63bcd9bf29e"}, {"_id": 
"69a2dc64828fd63bcd9bf2a6", "colors": {}, "data": {}, "id": "69a2dc64828fd63bcd9bf2a5"}, {"_id": 
"69a2dc64828fd63bcd9bf2ae", "colors": {}, "data": {}, "id": "69a2dc64828fd63bcd9bf2ad"}, {"_id": 
"69a2dc64828fd63bcd9bf2b7", "colors": {}, "data": {}, "id": "69a2dc64828fd63bcd9bf2b6"}, {"_id": 
"69a2dc64828fd63bcd9bf2c1", "colors": {}, "data": {}, "id": "69a2dc64828fd63bcd9bf2c0"}, {"_id": 
"69a2dc64828fd63bcd9bf2cc", "colors": {}, "data": {}, "id": "69a2dc64828fd63bcd9bf2cb"}, {"_id": 
"69a2dc64828fd63bcd9bf2d8", "colors": {}, "data": {}, "id": "69a2dc64828fd63bcd9bf2d7"}, ΓÇª], "spaceId": 
"69a2dc64828fd63bcd9bf282", "updatedAt": 2026-02-28T12:15:33.844Z}}

    [0m [90m 553 |[39m
     [90m 554 |[39m       [90m// Try to add 101st row - should fail[39m
    [31m[1m>[22m[39m[90m 555 |[39m       [36mawait[39m expect(
     [90m     |[39m             [31m[1m^[22m[39m
     [90m 556 |[39m         customTableService[33m.[39maddRow(table[33m.[39m_id[33m.[39mtoString()[33m,[39m 
testUserId)
     [90m 557 |[39m       )[33m.[39mrejects[33m.[39mtoThrow([32m'Row limit reached'[39m)[33m;[39m
     [90m 558 |[39m[0m

      at expect (node_modules/expect/build/index.js:2116:15)
      at Object.<anonymous> (src/__tests__/integration/completeWorkflows.test.ts:555:13)

  ΓùÅ Complete Workflows Integration Tests ΓÇ║ Entitlement Enforcement Across All Features ΓÇ║ should calculate global 
limits across multiple workspaces

    expect(received).rejects.toThrow()

    Received promise resolved instead of rejected
    Resolved to value: {"__v": 0, "_id": "69a2dc66828fd63bcd9c086f", "columns": [], "createdAt": 
2026-02-28T12:15:34.226Z, "isDeleted": false, "name": "Extra Table", "rows": [], "spaceId": 
"69a2dc66828fd63bcd9c0843", "updatedAt": 2026-02-28T12:15:34.226Z}

    [0m [90m 643 |[39m
     [90m 644 |[39m       [90m// Should not be able to create more tables (limit is 10)[39m
    [31m[1m>[22m[39m[90m 645 |[39m       [36mawait[39m expect(
     [90m     |[39m             [31m[1m^[22m[39m
     [90m 646 |[39m         customTableService[33m.[39mcreateTable(
     [90m 647 |[39m           space[33m.[39m_id[33m.[39mtoString()[33m,[39m
     [90m 648 |[39m           [32m'Extra Table'[39m[33m,[39m[0m

      at expect (node_modules/expect/build/index.js:2116:15)
      at Object.<anonymous> (src/__tests__/integration/completeWorkflows.test.ts:645:13)

  ΓùÅ Complete Workflows Integration Tests ΓÇ║ Complete End-to-End Scenarios ΓÇ║ should handle upgrade scenario from 
free to pro

    expect(received).toBe(expected) // Object.is equality

    Expected: true
    Received: false

    [0m [90m 828 |[39m       [90m// Now custom roles should work[39m
     [90m 829 |[39m       entitlement [33m=[39m [36mawait[39m 
[33mEntitlementService[39m[33m.[39mcanUseCustomRoles(testUserId)[33m;[39m
    [31m[1m>[22m[39m[90m 830 |[39m       
expect(entitlement[33m.[39mallowed)[33m.[39mtoBe([36mtrue[39m)[33m;[39m
     [90m     |[39m                                   [31m[1m^[22m[39m
     [90m 831 |[39m
     [90m 832 |[39m       [90m// Now table creation should work[39m
     [90m 833 |[39m       [36mconst[39m table [33m=[39m [36mawait[39m 
customTableService[33m.[39mcreateTable([0m

      at Object.<anonymous> (src/__tests__/integration/completeWorkflows.test.ts:830:35)

